Archive member included to satisfy reference by file (symbol)

c:/nxp/s32ds.3.6.0/s32ds/build_tools/gcc_v10.2/gcc-10.2-arm32-eabi/bin/../lib/gcc/arm-none-eabi/10.2.0/../../../../arm-none-eabi/lib/thumb/v7e-m+fp/hard\libc_nano.a(lib_a-memmove.o)
                              ./RTD/src/Dem_stub.o (memmove)
c:/nxp/s32ds.3.6.0/s32ds/build_tools/gcc_v10.2/gcc-10.2-arm32-eabi/bin/../lib/gcc/arm-none-eabi/10.2.0/../../../../arm-none-eabi/lib/thumb/v7e-m+fp/hard\libc_nano.a(lib_a-memset.o)
                              ./Project_Settings/Startup_Code/startup.o (memset)

Discarded input sections

 .group         0x00000000        0xc ./Project_Settings/Startup_Code/exceptions.o
 .group         0x00000000        0xc ./Project_Settings/Startup_Code/exceptions.o
 .group         0x00000000        0xc ./Project_Settings/Startup_Code/exceptions.o
 .group         0x00000000        0xc ./Project_Settings/Startup_Code/exceptions.o
 .group         0x00000000        0xc ./Project_Settings/Startup_Code/exceptions.o
 .group         0x00000000        0xc ./Project_Settings/Startup_Code/exceptions.o
 .group         0x00000000        0xc ./Project_Settings/Startup_Code/exceptions.o
 .group         0x00000000        0xc ./Project_Settings/Startup_Code/exceptions.o
 .group         0x00000000        0xc ./Project_Settings/Startup_Code/exceptions.o
 .group         0x00000000        0xc ./Project_Settings/Startup_Code/exceptions.o
 .group         0x00000000        0xc ./Project_Settings/Startup_Code/exceptions.o
 .group         0x00000000        0xc ./Project_Settings/Startup_Code/exceptions.o
 .group         0x00000000        0xc ./Project_Settings/Startup_Code/exceptions.o
 .group         0x00000000        0xc ./Project_Settings/Startup_Code/exceptions.o
 .group         0x00000000        0xc ./Project_Settings/Startup_Code/exceptions.o
 .group         0x00000000        0xc ./Project_Settings/Startup_Code/exceptions.o
 .group         0x00000000        0xc ./Project_Settings/Startup_Code/exceptions.o
 .group         0x00000000        0xc ./Project_Settings/Startup_Code/exceptions.o
 .group         0x00000000        0xc ./Project_Settings/Startup_Code/exceptions.o
 .group         0x00000000        0xc ./Project_Settings/Startup_Code/exceptions.o
 .group         0x00000000        0xc ./Project_Settings/Startup_Code/exceptions.o
 .group         0x00000000        0xc ./Project_Settings/Startup_Code/exceptions.o
 .group         0x00000000        0xc ./Project_Settings/Startup_Code/exceptions.o
 .group         0x00000000        0xc ./Project_Settings/Startup_Code/exceptions.o
 .group         0x00000000        0xc ./Project_Settings/Startup_Code/nvic.o
 .group         0x00000000        0xc ./Project_Settings/Startup_Code/nvic.o
 .group         0x00000000        0xc ./Project_Settings/Startup_Code/nvic.o
 .group         0x00000000        0xc ./Project_Settings/Startup_Code/nvic.o
 .group         0x00000000        0xc ./Project_Settings/Startup_Code/nvic.o
 .group         0x00000000        0xc ./Project_Settings/Startup_Code/nvic.o
 .group         0x00000000        0xc ./Project_Settings/Startup_Code/nvic.o
 .group         0x00000000        0xc ./Project_Settings/Startup_Code/nvic.o
 .group         0x00000000        0xc ./Project_Settings/Startup_Code/nvic.o
 .group         0x00000000        0xc ./Project_Settings/Startup_Code/nvic.o
 .group         0x00000000        0xc ./Project_Settings/Startup_Code/nvic.o
 .group         0x00000000        0xc ./Project_Settings/Startup_Code/nvic.o
 .group         0x00000000        0xc ./Project_Settings/Startup_Code/nvic.o
 .group         0x00000000        0xc ./Project_Settings/Startup_Code/nvic.o
 .group         0x00000000        0xc ./Project_Settings/Startup_Code/nvic.o
 .group         0x00000000        0xc ./Project_Settings/Startup_Code/nvic.o
 .group         0x00000000        0xc ./Project_Settings/Startup_Code/nvic.o
 .group         0x00000000        0xc ./Project_Settings/Startup_Code/nvic.o
 .group         0x00000000        0xc ./Project_Settings/Startup_Code/nvic.o
 .group         0x00000000        0xc ./Project_Settings/Startup_Code/nvic.o
 .group         0x00000000        0xc ./Project_Settings/Startup_Code/nvic.o
 .group         0x00000000        0xc ./Project_Settings/Startup_Code/nvic.o
 .group         0x00000000        0xc ./Project_Settings/Startup_Code/nvic.o
 .group         0x00000000        0xc ./Project_Settings/Startup_Code/nvic.o
 .group         0x00000000        0xc ./Project_Settings/Startup_Code/nvic.o
 .group         0x00000000        0xc ./Project_Settings/Startup_Code/nvic.o
 .group         0x00000000        0xc ./Project_Settings/Startup_Code/nvic.o
 .group         0x00000000        0xc ./Project_Settings/Startup_Code/nvic.o
 .group         0x00000000        0xc ./Project_Settings/Startup_Code/nvic.o
 .group         0x00000000        0xc ./Project_Settings/Startup_Code/nvic.o
[...]
Memory Configuration

Name             Origin             Length             Attributes
int_flash_interrupts 0x00000000         0x00000400
int_flash_config 0x00000400         0x00000010
int_flash        0x00000410         0x0007fbf0
int_sram_results 0x1fff8000         0x00000100
int_sram         0x1fff8100         0x0000df00
int_sram_stack_c0 0x20006000         0x00001000
ram_rsvd2        0x20007000         0x00000000
*default*        0x00000000         0xffffffff

Linker script and memory map

LOAD ./Project_Settings/Startup_Code/Vector_Table.o
LOAD ./Project_Settings/Startup_Code/exceptions.o
LOAD ./Project_Settings/Startup_Code/nvic.o
LOAD ./Project_Settings/Startup_Code/startup.o
LOAD ./Project_Settings/Startup_Code/startup_cm4.o
LOAD ./Project_Settings/Startup_Code/system.o
LOAD ./RTD/src/CDD_I2c.o
LOAD ./RTD/src/Clock_Ip.o
LOAD ./RTD/src/Clock_Ip_Data.o
LOAD ./RTD/src/Clock_Ip_Divider.o
LOAD ./RTD/src/Clock_Ip_DividerTrigger.o
LOAD ./RTD/src/Clock_Ip_ExtOsc.o
LOAD ./RTD/src/Clock_Ip_FracDiv.o
LOAD ./RTD/src/Clock_Ip_Frequency.o
LOAD ./RTD/src/Clock_Ip_Gate.o
LOAD ./RTD/src/Clock_Ip_IntOsc.o
LOAD ./RTD/src/Clock_Ip_Irq.o
LOAD ./RTD/src/Clock_Ip_Monitor.o
LOAD ./RTD/src/Clock_Ip_Pll.o
LOAD ./RTD/src/Clock_Ip_ProgFreqSwitch.o
LOAD ./RTD/src/Clock_Ip_Selector.o
LOAD ./RTD/src/Clock_Ip_Specific.o
LOAD ./RTD/src/Dem.o
LOAD ./RTD/src/Dem_stub.o
LOAD ./RTD/src/Det.o
LOAD ./RTD/src/Dio.o
LOAD ./RTD/src/Dio_Ipw.o
LOAD ./RTD/src/Flexio_I2c_Ip.o
LOAD ./RTD/src/Gpio_Dio_Ip.o
LOAD ./RTD/src/I2c_Ipw.o
LOAD ./RTD/src/Lpi2c_Ip.o
LOAD ./RTD/src/Lpi2c_Ip_HwAccess.o
LOAD ./RTD/src/Lpi2c_Ip_Irq.o
LOAD ./RTD/src/Mcu.o
LOAD ./RTD/src/Mcu_Dem_Wrapper.o
LOAD ./RTD/src/Mcu_Ipw.o
LOAD ./RTD/src/Mcu_Ipw_Irq.o
LOAD ./RTD/src/OsIf_Interrupts.o
LOAD ./RTD/src/OsIf_Timer.o
LOAD ./RTD/src/OsIf_Timer_System.o
LOAD ./RTD/src/OsIf_Timer_System_Internal_Systick.o
LOAD ./RTD/src/Port.o
LOAD ./RTD/src/Port_Ci_Port_Ip.o
LOAD ./RTD/src/Port_Ipw.o
LOAD ./RTD/src/Power_Ip.o
LOAD ./RTD/src/Power_Ip_AEC.o
LOAD ./RTD/src/Power_Ip_CortexM4.o
LOAD ./RTD/src/Power_Ip_PMC.o
LOAD ./RTD/src/Power_Ip_PMC_Irq.o
LOAD ./RTD/src/Power_Ip_Private.o
LOAD ./RTD/src/Power_Ip_RCM.o
LOAD ./RTD/src/Power_Ip_RCM_Irq.o
LOAD ./RTD/src/Power_Ip_SIM.o
LOAD ./RTD/src/Power_Ip_SMC.o
LOAD ./RTD/src/Ram_Ip.o
LOAD ./RTD/src/SchM_Dio.o
LOAD ./RTD/src/SchM_I2c.o
LOAD ./RTD/src/SchM_Mcu.o
LOAD ./RTD/src/SchM_Port.o
LOAD ./board/Port_Ci_Port_Ip_Cfg.o
LOAD ./generate/src/CDD_I2c_Cfg.o
LOAD ./generate/src/CDD_I2c_VS_0_PBcfg.o
LOAD ./generate/src/Clock_Ip_Cfg.o
LOAD ./generate/src/Clock_Ip_VS_0_PBcfg.o
LOAD ./generate/src/Dio_Cfg.o
LOAD ./generate/src/Flexio_I2c_Ip_VS_0_PBcfg.o
LOAD ./generate/src/I2c_Ipw_VS_0_PBcfg.o
LOAD ./generate/src/Lpi2c_Ip_VS_0_PBcfg.o
LOAD ./generate/src/Mcu_Cfg.o
LOAD ./generate/src/Mcu_VS_0_PBcfg.o
LOAD ./generate/src/OsIf_Cfg.o
LOAD ./generate/src/Port_Cfg.o
LOAD ./generate/src/Port_Ci_Port_Ip_VS_0_PBcfg.o
LOAD ./generate/src/Port_VS_0_PBcfg.o
LOAD ./generate/src/Power_Ip_Cfg.o
LOAD ./generate/src/Power_Ip_VS_0_PBcfg.o
LOAD ./generate/src/Ram_Ip_Cfg.o
LOAD ./generate/src/Ram_Ip_VS_0_PBcfg.o
LOAD ./src/7-segment-display.o
LOAD ./src/AS1115.o
LOAD ./src/SevenSegments.o
LOAD ./src/main.o
LOAD c:/nxp/s32ds.3.6.0/s32ds/build_tools/gcc_v10.2/gcc-10.2-arm32-eabi/bin/../lib/gcc/arm-none-eabi/10.2.0/../../../../arm-none-eabi/lib/thumb/v7e-m+fp/hard\libc_nano.a
LOAD c:/nxp/s32ds.3.6.0/s32ds/build_tools/gcc_v10.2/gcc-10.2-arm32-eabi/bin/../lib/gcc/arm-none-eabi/10.2.0/../../../../arm-none-eabi/lib/thumb/v7e-m+fp/hard\libm.a
LOAD c:/nxp/s32ds.3.6.0/s32ds/build_tools/gcc_v10.2/gcc-10.2-arm32-eabi/bin/../lib/gcc/arm-none-eabi/10.2.0/thumb/v7e-m+fp/hard\libgcc.a
START GROUP
LOAD c:/nxp/s32ds.3.6.0/s32ds/build_tools/gcc_v10.2/gcc-10.2-arm32-eabi/bin/../lib/gcc/arm-none-eabi/10.2.0/thumb/v7e-m+fp/hard\libgcc.a
LOAD c:/nxp/s32ds.3.6.0/s32ds/build_tools/gcc_v10.2/gcc-10.2-arm32-eabi/bin/../lib/gcc/arm-none-eabi/10.2.0/../../../../arm-none-eabi/lib/thumb/v7e-m+fp/hard\libg_nano.a
LOAD c:/nxp/s32ds.3.6.0/s32ds/build_tools/gcc_v10.2/gcc-10.2-arm32-eabi/bin/../lib/gcc/arm-none-eabi/10.2.0/../../../../arm-none-eabi/lib/thumb/v7e-m+fp/hard\libc_nano.a
END GROUP
START GROUP
LOAD c:/nxp/s32ds.3.6.0/s32ds/build_tools/gcc_v10.2/gcc-10.2-arm32-eabi/bin/../lib/gcc/arm-none-eabi/10.2.0/thumb/v7e-m+fp/hard\libgcc.a
LOAD c:/nxp/s32ds.3.6.0/s32ds/build_tools/gcc_v10.2/gcc-10.2-arm32-eabi/bin/../lib/gcc/arm-none-eabi/10.2.0/../../../../arm-none-eabi/lib/thumb/v7e-m+fp/hard\libc_nano.a
LOAD c:/nxp/s32ds.3.6.0/s32ds/build_tools/gcc_v10.2/gcc-10.2-arm32-eabi/bin/../lib/gcc/arm-none-eabi/10.2.0/../../../../arm-none-eabi/lib/thumb/v7e-m+fp/hard\libnosys.a
END GROUP
START GROUP
LOAD c:/nxp/s32ds.3.6.0/s32ds/build_tools/gcc_v10.2/gcc-10.2-arm32-eabi/bin/../lib/gcc/arm-none-eabi/10.2.0/thumb/v7e-m+fp/hard\libgcc.a
LOAD c:/nxp/s32ds.3.6.0/s32ds/build_tools/gcc_v10.2/gcc-10.2-arm32-eabi/bin/../lib/gcc/arm-none-eabi/10.2.0/../../../../arm-none-eabi/lib/thumb/v7e-m+fp/hard\libc_nano.a
LOAD c:/nxp/s32ds.3.6.0/s32ds/build_tools/gcc_v10.2/gcc-10.2-arm32-eabi/bin/../lib/gcc/arm-none-eabi/10.2.0/../../../../arm-none-eabi/lib/thumb/v7e-m+fp/hard\libnosys.a
END GROUP
                0x00000200                HEAP_SIZE = DEFINED (__heap_size__)?__heap_size__:0x200

.flash_interrupts
                0x00000000      0x310
                0x00000000                . = ALIGN (0x800)
                0x00000000                __interrupts_rom_start = .
 *(.intc_vector)
 .intc_vector   0x00000000      0x310 ./Project_Settings/Startup_Code/Vector_Table.o
                0x00000000                VTABLE
                0x00000310                . = ALIGN (0x4)
                0x00000310                __interrupts_rom_end = .

.flash_config   0x00000400       0x10
 *(.flash_config)
 .flash_config  0x00000400       0x10 ./Project_Settings/Startup_Code/startup_cm4.o

.flash          0x00000410     0x68e0
                0x00000410                . = ALIGN (0x4)
 *(.startup)
 .startup       0x00000410       0xb8 ./Project_Settings/Startup_Code/startup_cm4.o
                0x00000410                Reset_Handler
                0x00000410                _start
                0x00000494                MCAL_LTB_TRACE_OFF
                0x00000496                _end_of_eunit_test
                0x000004c8                . = ALIGN (0x4)
 *(.systeminit)
 .systeminit    0x000004c8        0x2 ./Project_Settings/Startup_Code/exceptions.o
                0x000004c8                NMI_Handler
 *fill*         0x000004ca        0x2 
 .systeminit    0x000004cc       0x88 ./Project_Settings/Startup_Code/system.o
                0x000004cc                SystemInit
                0x00000554                . = ALIGN (0x4)
 *(.text.startup)
 .text.startup  0x00000554       0x74 ./src/main.o
                0x00000554                main
                0x000005c8                . = ALIGN (0x4)
 *(.text)
 .text          0x000005c8        0x0 ./Project_Settings/Startup_Code/Vector_Table.o
 .text          0x000005c8       0x12 ./Project_Settings/Startup_Code/exceptions.o
                0x000005c8                HardFault_Handler
                0x000005ca                MemManage_Handler
                0x000005cc                BusFault_Handler
                0x000005ce                UsageFault_Handler
                0x000005d0                SVC_Handler
                0x000005d2                DebugMon_Handler
                0x000005d4                PendSV_Handler
                0x000005d6                SysTick_Handler
                0x000005d8                undefined_handler
 *fill*         0x000005da        0x2 
 .text          0x000005dc       0x5c ./Project_Settings/Startup_Code/nvic.o
                0x000005dc                NVIC_SetPriorityGrouping
                0x000005f0                NVIC_EnableIRQ
                0x00000608                NVIC_DisableIRQ
                0x00000624                NVIC_SetPriority
 .text          0x00000638       0x50 ./Project_Settings/Startup_Code/startup.o
                0x00000638                init_data_bss
 .text          0x00000688        0x0 ./Project_Settings/Startup_Code/startup_cm4.o
 .text          0x00000688        0x8 ./Project_Settings/Startup_Code/system.o
                0x00000688                startup_go_to_user_mode
                0x0000068a                default_interrupt_routine
                0x0000068c                Sys_GetCoreID
 .text          0x00000690        0x0 ./RTD/src/CDD_I2c.o
 .text          0x00000690        0x0 ./RTD/src/Clock_Ip.o
 .text          0x00000690        0x0 ./RTD/src/Clock_Ip_Data.o
 .text          0x00000690        0x0 ./RTD/src/Clock_Ip_Divider.o
 .text          0x00000690        0x0 ./RTD/src/Clock_Ip_DividerTrigger.o
 .text          0x00000690        0x0 ./RTD/src/Clock_Ip_ExtOsc.o
 .text          0x00000690        0x0 ./RTD/src/Clock_Ip_FracDiv.o
 .text          0x00000690        0x0 ./RTD/src/Clock_Ip_Frequency.o
 .text          0x00000690        0x0 ./RTD/src/Clock_Ip_Gate.o
 .text          0x00000690        0x0 ./RTD/src/Clock_Ip_IntOsc.o
 .text          0x00000690        0x0 ./RTD/src/Clock_Ip_Irq.o
 .text          0x00000690        0x0 ./RTD/src/Clock_Ip_Monitor.o
 .text          0x00000690        0x0 ./RTD/src/Clock_Ip_Pll.o
 .text          0x00000690        0x0 ./RTD/src/Clock_Ip_ProgFreqSwitch.o
 .text          0x00000690        0x0 ./RTD/src/Clock_Ip_Selector.o
 .text          0x00000690        0x0 ./RTD/src/Clock_Ip_Specific.o
 .text          0x00000690        0x0 ./RTD/src/Dem.o
 .text          0x00000690        0x0 ./RTD/src/Dem_stub.o
 .text          0x00000690        0x0 ./RTD/src/Det.o
 .text          0x00000690        0x0 ./RTD/src/Dio.o
 .text          0x00000690        0x0 ./RTD/src/Dio_Ipw.o
 .text          0x00000690        0x0 ./RTD/src/Flexio_I2c_Ip.o
 .text          0x00000690        0x0 ./RTD/src/Gpio_Dio_Ip.o
 .text          0x00000690        0x0 ./RTD/src/I2c_Ipw.o
 .text          0x00000690        0x0 ./RTD/src/Lpi2c_Ip.o
 .text          0x00000690        0x0 ./RTD/src/Lpi2c_Ip_HwAccess.o
 .text          0x00000690        0x0 ./RTD/src/Lpi2c_Ip_Irq.o
 .text          0x00000690        0x0 ./RTD/src/Mcu.o
 .text          0x00000690        0x0 ./RTD/src/Mcu_Dem_Wrapper.o
 .text          0x00000690        0x0 ./RTD/src/Mcu_Ipw.o
 .text          0x00000690        0x0 ./RTD/src/Mcu_Ipw_Irq.o
 .text          0x00000690        0x0 ./RTD/src/OsIf_Interrupts.o
 .text          0x00000690        0x0 ./RTD/src/OsIf_Timer.o
 .text          0x00000690        0x0 ./RTD/src/OsIf_Timer_System.o
 .text          0x00000690        0x0 ./RTD/src/OsIf_Timer_System_Internal_Systick.o
 .text          0x00000690        0x0 ./RTD/src/Port.o
 .text          0x00000690        0x0 ./RTD/src/Port_Ci_Port_Ip.o
 .text          0x00000690        0x0 ./RTD/src/Port_Ipw.o
 .text          0x00000690        0x0 ./RTD/src/Power_Ip.o
 .text          0x00000690        0x0 ./RTD/src/Power_Ip_AEC.o
 .text          0x00000690        0x0 ./RTD/src/Power_Ip_CortexM4.o
 .text          0x00000690        0x0 ./RTD/src/Power_Ip_PMC.o
 .text          0x00000690        0x0 ./RTD/src/Power_Ip_PMC_Irq.o
 .text          0x00000690        0x0 ./RTD/src/Power_Ip_Private.o
 .text          0x00000690        0x0 ./RTD/src/Power_Ip_RCM.o
 .text          0x00000690        0x0 ./RTD/src/Power_Ip_RCM_Irq.o
 .text          0x00000690        0x0 ./RTD/src/Power_Ip_SIM.o
 .text          0x00000690        0x0 ./RTD/src/Power_Ip_SMC.o
 .text          0x00000690        0x0 ./RTD/src/Ram_Ip.o
 .text          0x00000690        0x6 ./RTD/src/SchM_Dio.o
                0x00000690                Dio_schm_read_msr
 .text          0x00000696        0x6 ./RTD/src/SchM_I2c.o
                0x00000696                I2c_schm_read_msr
 .text          0x0000069c        0x6 ./RTD/src/SchM_Mcu.o
                0x0000069c                Mcu_schm_read_msr
 .text          0x000006a2        0x6 ./RTD/src/SchM_Port.o
                0x000006a2                Port_schm_read_msr
 .text          0x000006a8        0x0 ./board/Port_Ci_Port_Ip_Cfg.o
 .text          0x000006a8        0x0 ./generate/src/CDD_I2c_Cfg.o
 .text          0x000006a8        0x0 ./generate/src/CDD_I2c_VS_0_PBcfg.o
 .text          0x000006a8        0x0 ./generate/src/Clock_Ip_Cfg.o
 .text          0x000006a8        0x0 ./generate/src/Clock_Ip_VS_0_PBcfg.o
 .text          0x000006a8        0x0 ./generate/src/Dio_Cfg.o
 .text          0x000006a8        0x0 ./generate/src/Flexio_I2c_Ip_VS_0_PBcfg.o
 .text          0x000006a8        0x0 ./generate/src/I2c_Ipw_VS_0_PBcfg.o
 .text          0x000006a8        0x0 ./generate/src/Lpi2c_Ip_VS_0_PBcfg.o
 .text          0x000006a8        0x0 ./generate/src/Mcu_Cfg.o
 .text          0x000006a8        0x0 ./generate/src/Mcu_VS_0_PBcfg.o
 .text          0x000006a8        0x0 ./generate/src/OsIf_Cfg.o
 .text          0x000006a8        0x0 ./generate/src/Port_Cfg.o
 .text          0x000006a8        0x0 ./generate/src/Port_Ci_Port_Ip_VS_0_PBcfg.o
 .text          0x000006a8        0x0 ./generate/src/Port_VS_0_PBcfg.o
 .text          0x000006a8        0x0 ./generate/src/Power_Ip_Cfg.o
 .text          0x000006a8        0x0 ./generate/src/Power_Ip_VS_0_PBcfg.o
 .text          0x000006a8        0x0 ./generate/src/Ram_Ip_Cfg.o
 .text          0x000006a8        0x0 ./generate/src/Ram_Ip_VS_0_PBcfg.o
 .text          0x000006a8      0x424 ./src/7-segment-display.o
                0x000006a8                SevenSegmentInit
                0x00000784                SevenSegmentDisplayDecimalValue
                0x00000908                SevenSegmentTest
                0x000009c8                SevenSegmentSetGlobalBrightness
                0x000009ec                SevSegGrTest
 .text          0x00000acc       0x72 ./src/AS1115.o
                0x00000acc                AS1115_Write
                0x00000af4                AS1115_Read
 *fill*         0x00000b3e        0x2 
 .text          0x00000b40       0xc8 ./src/SevenSegments.o
                0x00000b40                Segments_Init
                0x00000b66                Segments_Test
                0x00000b6e                Segments_Set
                0x00000bec                Segments_Update
 .text          0x00000c08       0x1c ./src/main.o
                0x00000c08                TestDelay
 .text          0x00000c24        0x0 c:/nxp/s32ds.3.6.0/s32ds/build_tools/gcc_v10.2/gcc-10.2-arm32-eabi/bin/../lib/gcc/arm-none-eabi/10.2.0/../../../../arm-none-eabi/lib/thumb/v7e-m+fp/hard\libc_nano.a(lib_a-memmove.o)
 .text          0x00000c24        0x0 c:/nxp/s32ds.3.6.0/s32ds/build_tools/gcc_v10.2/gcc-10.2-arm32-eabi/bin/../lib/gcc/arm-none-eabi/10.2.0/../../../../arm-none-eabi/lib/thumb/v7e-m+fp/hard\libc_nano.a(lib_a-memset.o)
 *(.text*)
 .text.memmove  0x00000c24       0x34 c:/nxp/s32ds.3.6.0/s32ds/build_tools/gcc_v10.2/gcc-10.2-arm32-eabi/bin/../lib/gcc/arm-none-eabi/10.2.0/../../../../arm-none-eabi/lib/thumb/v7e-m+fp/hard\libc_nano.a(lib_a-memmove.o)
                0x00000c24                memmove
 .text.memset   0x00000c58       0x10 c:/nxp/s32ds.3.6.0/s32ds/build_tools/gcc_v10.2/gcc-10.2-arm32-eabi/bin/../lib/gcc/arm-none-eabi/10.2.0/../../../../arm-none-eabi/lib/thumb/v7e-m+fp/hard\libc_nano.a(lib_a-memset.o)
                0x00000c58                memset
                0x00000c68                . = ALIGN (0x4)
 *(.mcal_text)
 .mcal_text     0x00000c68      0x200 ./RTD/src/CDD_I2c.o
                0x00000c68                I2c_Init
                0x00000ca4                I2c_DeInit
                0x00000ce4                I2c_PrepareSlaveBuffer
                0x00000d30                I2c_SyncTransmit
                0x00000d9c                I2c_AsyncTransmit
                0x00000e08                I2c_StartListening
                0x00000e48                I2c_GetStatus
 .mcal_text     0x00000e68      0x88c ./RTD/src/Clock_Ip.o
                0x00000e6a                Clock_Ip_InitClock
                0x00001444                Clock_Ip_GetPllStatus
                0x000014e8                Clock_Ip_DistributePll
                0x000015dc                Clock_Ip_Init
                0x00001600                Clock_Ip_DisableClockMonitor
                0x00001624                Clock_Ip_InstallNotificationsCallback
                0x00001630                Clock_Ip_DisableModuleClock
                0x00001658                Clock_Ip_EnableModuleClock
                0x00001680                Clock_Ip_PowerModeChangeNotification
                0x000016ac                Clock_Ip_ReportClockErrors
                0x000016b8                Clock_Ip_StartTimeout
                0x000016d8                Clock_Ip_TimeoutExpired
 .mcal_text     0x000016f4      0x230 ./RTD/src/Clock_Ip_Divider.o
                0x000016f6                Clock_Ip_SetScgAsyncDiv1_TrustedCall
                0x0000172c                Clock_Ip_SetScgAsyncDiv2_TrustedCall
                0x00001764                Clock_Ip_SetScgRunDivcore_TrustedCall
                0x00001784                Clock_Ip_SetScgRunDivbus_TrustedCall
                0x000017a4                Clock_Ip_SetScgRunDivslow_TrustedCall
                0x000017c4                Clock_Ip_SetScgVlprDivcore_TrustedCall
                0x000017e4                Clock_Ip_SetScgVlprDivbus_TrustedCall
                0x00001804                Clock_Ip_SetScgVlprDivslow_TrustedCall
                0x00001824                Clock_Ip_SetScgHsrunDivcore_TrustedCall
                0x00001844                Clock_Ip_SetScgHsrunDivbus_TrustedCall
                0x00001864                Clock_Ip_SetScgHsrunDivslow_TrustedCall
                0x00001884                Clock_Ip_SetSimClkoutDiv_TrustedCall
                0x000018a8                Clock_Ip_SetPccPcdDivFrac_TrustedCall
                0x000018ec                Clock_Ip_SetSimTraceDivMul_TrustedCall
 .mcal_text     0x00001924        0x2 ./RTD/src/Clock_Ip_DividerTrigger.o
 *fill*         0x00001926        0x2 
 .mcal_text     0x00001928      0x17c ./RTD/src/Clock_Ip_ExtOsc.o
                0x00001978                Clock_Ip_ResetSOSC_TrustedCall
                0x000019b8                Clock_Ip_SetSOSC_TrustedCall
                0x00001a68                Clock_Ip_DisableSOSC_TrustedCall
                0x00001a80                Clock_Ip_EnableSOSC_TrustedCall
 .mcal_text     0x00001aa4        0x6 ./RTD/src/Clock_Ip_FracDiv.o
 .mcal_text     0x00001aaa        0x2 ./RTD/src/Clock_Ip_Frequency.o
                0x00001aaa                Clock_Ip_SetExternalSignalFrequency
 .mcal_text     0x00001aac      0x17c ./RTD/src/Clock_Ip_Gate.o
                0x00001ab0                Clock_Ip_ClockSetSimLPO1KEnable_TrustedCall
                0x00001ae4                Clock_Ip_ClockSetSimLPO32KEnable_TrustedCall
                0x00001b1c                Clock_Ip_ClockSetSimClkoutEnable_TrustedCall
                0x00001b54                Clock_Ip_ClockSetPccCgcEnable_TrustedCall
                0x00001ba0                Clock_Ip_ClockSetSimGate_TrustedCall
                0x00001bec                Clock_Ip_ClockSetSimTraceEnable_TrustedCall
 .mcal_text     0x00001c28      0x414 ./RTD/src/Clock_Ip_IntOsc.o
                0x00001c7c                Clock_Ip_SetSirc_TrustedCall
                0x00001d24                Clock_Ip_EnableSirc_TrustedCall
                0x00001d84                Clock_Ip_DisableSirc_TrustedCall
                0x00001da8                Clock_Ip_SetSircVlp_TrustedCall
                0x00001de4                Clock_Ip_EnableSircVlp_TrustedCall
                0x00001e08                Clock_Ip_DisableSircVlp_TrustedCall
                0x00001e20                Clock_Ip_SetSircStop_TrustedCall
                0x00001e5c                Clock_Ip_EnableSircStop_TrustedCall
                0x00001e80                Clock_Ip_DisableSircStop_TrustedCall
                0x00001e98                Clock_Ip_SetFirc_TrustedCall
                0x00001fc8                Clock_Ip_EnableFirc_TrustedCall
                0x00002024                Clock_Ip_DisableFirc_TrustedCall
 .mcal_text     0x0000203c        0x6 ./RTD/src/Clock_Ip_Monitor.o
 *fill*         0x00002042        0x2 
 .mcal_text     0x00002044      0x150 ./RTD/src/Clock_Ip_Pll.o
                0x0000209c                Clock_Ip_ResetSpll_TrustedCall
                0x000020f4                Clock_Ip_SetSpll_TrustedCall
                0x0000214c                Clock_Ip_DisableSpll_TrustedCall
                0x00002170                Clock_Ip_EnableSpll_TrustedCall
 .mcal_text     0x00002194        0x2 ./RTD/src/Clock_Ip_ProgFreqSwitch.o
 *fill*         0x00002196        0x2 
 .mcal_text     0x00002198      0x354 ./RTD/src/Clock_Ip_Selector.o
                0x0000219a                Clock_Ip_ResetScgRunSel_TrustedCall
                0x000021c4                Clock_Ip_SetScgRunSel_TrustedCall
                0x000021f0                Clock_Ip_SetScgVlprSel_TrustedCall
                0x0000221c                Clock_Ip_ResetScgHsrunSel_TrustedCall
                0x00002244                Clock_Ip_SetScgHsrunSel_TrustedCall
                0x00002270                Clock_Ip_ResetSimRtcSel_TrustedCall
                0x00002294                Clock_Ip_SetSimRtcSel_TrustedCall
                0x000022bc                Clock_Ip_ResetSimLpoSel_TrustedCall
                0x000022e0                Clock_Ip_SetSimLpoSel_TrustedCall
                0x00002308                Clock_Ip_ResetScgClkoutSel_TrustedCall
                0x0000232c                Clock_Ip_SetScgClkoutSel_TrustedCall
                0x00002354                Clock_Ip_ResetSimFtmoptSel_TrustedCall
                0x0000239c                Clock_Ip_SetSimFtmoptSel_TrustedCall
                0x000023e4                Clock_Ip_ResetSimClkoutSel_TrustedCall
                0x000023fc                Clock_Ip_SetSimClkoutSel_TrustedCall
                0x00002424                Clock_Ip_ResetPccPcsSelect_TrustedCall
                0x00002458                Clock_Ip_SetPccPcsSelect_TrustedCall
                0x00002498                Clock_Ip_ResetSimTraceSel_TrustedCall
                0x000024c0                Clock_Ip_SetSimTraceSel_TrustedCall
 .mcal_text     0x000024ec      0x7a0 ./RTD/src/Clock_Ip_Specific.o
                0x000026cc                SetFircToResetValue_TrustedCall
                0x000026e8                SetSimLpoclksRegister_TrustedCall
                0x0000275c                Clock_Ip_ClockPowerModeChangeNotification
                0x0000291c                Clock_Ip_Command
 .mcal_text     0x00002c8c       0xf4 ./RTD/src/Dem.o
                0x00002c8c                Dem_SetEventStatus
                0x00002cec                Dem_ReportErrorStatusPreExtData
 .mcal_text     0x00002d80      0x244 ./RTD/src/Dem_stub.o
                0x00002d80                Dem_TestLastReportErrorStatus
                0x00002e18                Dem_TestNoError
                0x00002e5c                Dem_TestLastReportErrorStatusPreExtData
                0x00002f44                Dem_ClearEvents
                0x00002f58                Dem_GetEvent
                0x00002f98                Dem_GetEventCount
                0x00002fac                Dem_BufferOverflow
 .mcal_text     0x00002fc4       0xa4 ./RTD/src/Det.o
                0x00002fc4                Det_Init
                0x00002fc6                Det_ReportError
                0x00002ffc                Det_ReportRuntimeError
                0x00003030                Det_ReportTransientFault
                0x00003064                Det_Start
 .mcal_text     0x00003068       0x18 ./RTD/src/Dio.o
                0x00003068                Dio_ReadChannel
                0x0000306c                Dio_WriteChannel
                0x00003070                Dio_ReadPort
                0x00003074                Dio_WritePort
                0x00003078                Dio_ReadChannelGroup
                0x0000307c                Dio_WriteChannelGroup
 .mcal_text     0x00003080       0xa4 ./RTD/src/Dio_Ipw.o
                0x00003080                Dio_Ipw_ReadChannel
                0x00003094                Dio_Ipw_WriteChannel
                0x000030b0                Dio_Ipw_ReadPort
                0x000030c0                Dio_Ipw_WritePort
                0x000030d0                Dio_Ipw_ReadChannelGroup
                0x000030f0                Dio_Ipw_WriteChannelGroup
 .mcal_text     0x00003124       0x4c ./RTD/src/Gpio_Dio_Ip.o
                0x00003124                Gpio_Dio_Ip_WritePin
                0x00003148                Gpio_Dio_Ip_WritePins
                0x0000314c                Gpio_Dio_Ip_GetPinsOutput
                0x00003150                Gpio_Dio_Ip_SetPins
                0x00003154                Gpio_Dio_Ip_ClearPins
                0x00003158                Gpio_Dio_Ip_TogglePins
                0x0000315c                Gpio_Dio_Ip_ReadPins
                0x00003160                Gpio_Dio_Ip_ReadPin
 .mcal_text     0x00003170      0x17c ./RTD/src/I2c_Ipw.o
                0x00003192                I2c_Ipw_InitChannel
                0x000031cc                I2c_Ipw_StartListening
                0x000031e4                I2c_Ipw_DeInitChannel
                0x000031f2                I2c_Ipw_SyncTransmit
                0x00003254                I2c_Ipw_AsyncTransmit
                0x00003292                I2c_Ipw_PrepareSlaveBuffer
                0x0000329c                I2c_Ipw_GetStatus
 .mcal_text     0x000032ec      0xdf0 ./RTD/src/Lpi2c_Ip.o
                0x00003634                Lpi2c_Ip_MasterSetBaudRate
                0x00003720                Lpi2c_Ip_MasterInit
                0x00003890                Lpi2c_Ip_MasterDeinit
                0x000038b0                Lpi2c_Ip_MasterGetBaudRate
                0x00003900                Lpi2c_Ip_MasterSetSlaveAddr
                0x00003914                Lpi2c_Ip_MasterSendData
                0x0000396c                Lpi2c_Ip_MasterSendDataBlocking
                0x00003a60                Lpi2c_Ip_MasterReceiveData
                0x00003ab8                Lpi2c_Ip_MasterReceiveDataBlocking
                0x00003be4                Lpi2c_Ip_MasterGetTransferStatus
                0x00003c00                Lpi2c_Ip_SlaveInit
                0x00003d24                Lpi2c_Ip_StartListening
                0x00003d28                Lpi2c_Ip_SlaveDeinit
                0x00003d70                Lpi2c_Ip_SlaveSetBuffer
                0x00003d84                Lpi2c_Ip_SlaveGetTransferStatus
                0x00003da0                Lpi2c_Ip_MasterIRQHandler
                0x00003ec8                Lpi2c_Ip_SlaveIRQHandler
                0x00004070                Lpi2c_Ip_ModuleIRQHandler
                0x000040a4                Lpi2c_Ip_SetMasterCallback
                0x000040b4                Lpi2c_Ip_SetSlaveCallback
                0x000040c4                Lpi2c_Ip_SetMasterHighSpeedMode
 .mcal_text     0x000040dc       0x1e ./RTD/src/Lpi2c_Ip_HwAccess.o
                0x000040dc                Lpi2c_Ip_Init
 .mcal_text     0x000040fa       0x1c ./RTD/src/Lpi2c_Ip_Irq.o
                0x000040fa                LPI2C0_Master_IRQHandler
                0x00004108                LPI2C0_Slave_IRQHandler
 *fill*         0x00004116        0x2 
 .mcal_text     0x00004118       0xb8 ./RTD/src/Mcu.o
                0x00004118                Mcu_Init
                0x00004168                Mcu_InitRamSection
                0x0000416c                Mcu_InitClock
                0x00004190                Mcu_SetMode
                0x000041bc                Mcu_GetPllStatus
                0x000041c0                Mcu_GetResetReason
                0x000041c4                Mcu_GetResetRawValue
                0x000041c8                Mcu_SleepOnExit
                0x000041cc                Mcu_ClkSrcFailureNotification
 .mcal_text     0x000041d0       0x1e ./RTD/src/Mcu_Ipw.o
                0x000041d0                Mcu_Ipw_Init
                0x000041d4                Mcu_Ipw_InitClock
                0x000041d8                Mcu_Ipw_SetMode
                0x000041dc                Mcu_Ipw_GetResetReason
                0x000041e0                Mcu_Ipw_GetResetRawValue
                0x000041e4                Mcu_Ipw_SleepOnExit
 .mcal_text     0x000041ee       0x1e ./RTD/src/OsIf_Timer.o
                0x000041ee                OsIf_Init
                0x000041f6                OsIf_GetCounter
                0x000041fa                OsIf_GetElapsed
                0x00004202                OsIf_SetTimerFrequency
                0x00004204                OsIf_MicrosToTicks
 .mcal_text     0x0000420c       0x44 ./RTD/src/OsIf_Timer_System_Internal_Systick.o
                0x0000420c                OsIf_Timer_System_Internal_Init
                0x00004222                OsIf_Timer_System_Internal_GetCounter
                0x0000422e                OsIf_Timer_System_Internal_GetElapsed
 .mcal_text     0x00004250       0xe0 ./RTD/src/Port.o
                0x00004250                Port_Init
                0x00004288                Port_SetPinDirection
                0x000042b8                Port_SetPinMode
                0x000042e4                Port_RefreshPortDirection
                0x00004310                Port_GetVersionInfo
 .mcal_text     0x00004330      0x274 ./RTD/src/Port_Ci_Port_Ip.o
                0x00004330                Port_Ci_Port_Ip_ConfigureInterleave
                0x000043c4                Port_Ci_Port_Ip_Init
                0x000044f8                Port_Ci_Port_Ip_SetMuxModeSel
                0x00004524                Port_Ci_Port_Ip_EnableDigitalFilter
                0x00004546                Port_Ci_Port_Ip_DisableDigitalFilter
                0x0000456a                Port_Ci_Port_Ip_ConfigDigitalFilter
                0x00004580                Port_Ci_Port_Ip_SetGlobalPinControl
 .mcal_text     0x000045a4      0x428 ./RTD/src/Port_Ipw.o
                0x000045a4                Port_Ipw_Init
                0x00004710                Port_Ipw_SetPinDirection
                0x000047d0                Port_Ipw_SetGpioDirChangeability
                0x00004808                Port_Ipw_SetGpioPadOutput
                0x00004848                Port_Ipw_SetPinMode
                0x00004918                Port_Ipw_RefreshPortDirection
 .mcal_text     0x000049cc       0x98 ./RTD/src/Power_Ip.o
                0x000049cc                Power_Ip_SetMode
                0x00004a1c                Power_Ip_GetResetReason
                0x00004a34                Power_Ip_GetResetRawValue
                0x00004a38                Power_Ip_Init
                0x00004a52                Power_Ip_DisableSleepOnExit
                0x00004a56                Power_Ip_EnableSleepOnExit
                0x00004a5a                Power_Ip_InstallNotificationsCallback
 .mcal_text     0x00004a64       0x40 ./RTD/src/Power_Ip_CortexM4.o
                0x00004a64                Power_Ip_CM4_DisableSleepOnExit
                0x00004a74                Power_Ip_CM4_EnableSleepOnExit
                0x00004a84                Power_Ip_CM4_EnableDeepSleep
                0x00004a94                Power_Ip_CM4_DisableDeepSleep
 .mcal_text     0x00004aa4       0x2c ./RTD/src/Power_Ip_PMC.o
                0x00004aa4                Power_Ip_PMC_PowerInit
 .mcal_text     0x00004ad0       0x4c ./RTD/src/Power_Ip_Private.o
                0x00004ad0                Power_Ip_ReportPowerErrors
                0x00004adc                Power_Ip_ReportPowerErrorsEmptyCallback
                0x00004ade                Power_Ip_StartTimeout
                0x00004afe                Power_Ip_TimeoutExpired
 .mcal_text     0x00004b1c       0x9c ./RTD/src/Power_Ip_RCM.o
                0x00004b1c                Power_Ip_RCM_ResetInit
                0x00004b3c                Power_Ip_RCM_GetResetReason
                0x00004b98                Power_Ip_RCM_GetResetRawValue
 .mcal_text     0x00004bb8      0x138 ./RTD/src/Power_Ip_SMC.o
                0x00004bb8                Power_Ip_SMC_AllowedModesConfig
                0x00004bc8                Power_Ip_SMC_ModeCheckEntry
                0x00004c04                Power_Ip_SMC_ModeConfig
 .mcal_text     0x00004cf0       0xe4 ./RTD/src/Ram_Ip.o
                0x00004cf0                Ram_Ip_InitRamSection
 .mcal_text     0x00004dd4       0xc8 ./RTD/src/SchM_Dio.o
                0x00004dd4                SchM_Enter_Dio_DIO_EXCLUSIVE_AREA_00
                0x00004e08                SchM_Exit_Dio_DIO_EXCLUSIVE_AREA_00
                0x00004e38                SchM_Enter_Dio_DIO_EXCLUSIVE_AREA_01
                0x00004e6c                SchM_Exit_Dio_DIO_EXCLUSIVE_AREA_01
 .mcal_text     0x00004e9c       0xc8 ./RTD/src/SchM_I2c.o
                0x00004e9c                SchM_Enter_I2c_I2C_EXCLUSIVE_AREA_00
                0x00004ed0                SchM_Exit_I2c_I2C_EXCLUSIVE_AREA_00
                0x00004f00                SchM_Enter_I2c_I2C_EXCLUSIVE_AREA_01
                0x00004f34                SchM_Exit_I2c_I2C_EXCLUSIVE_AREA_01
 .mcal_text     0x00004f64      0x12c ./RTD/src/SchM_Mcu.o
                0x00004f64                SchM_Enter_Mcu_MCU_EXCLUSIVE_AREA_00
                0x00004f98                SchM_Exit_Mcu_MCU_EXCLUSIVE_AREA_00
                0x00004fc8                SchM_Enter_Mcu_MCU_EXCLUSIVE_AREA_01
                0x00004ffc                SchM_Exit_Mcu_MCU_EXCLUSIVE_AREA_01
                0x0000502c                SchM_Enter_Mcu_MCU_EXCLUSIVE_AREA_02
                0x00005060                SchM_Exit_Mcu_MCU_EXCLUSIVE_AREA_02
 .mcal_text     0x00005090      0xaf0 ./RTD/src/SchM_Port.o
                0x00005090                SchM_Enter_Port_PORT_EXCLUSIVE_AREA_00
                0x000050c4                SchM_Exit_Port_PORT_EXCLUSIVE_AREA_00
                0x000050f4                SchM_Enter_Port_PORT_EXCLUSIVE_AREA_01
                0x00005128                SchM_Exit_Port_PORT_EXCLUSIVE_AREA_01
                0x00005158                SchM_Enter_Port_PORT_EXCLUSIVE_AREA_02
                0x0000518c                SchM_Exit_Port_PORT_EXCLUSIVE_AREA_02
                0x000051bc                SchM_Enter_Port_PORT_EXCLUSIVE_AREA_03
                0x000051f0                SchM_Exit_Port_PORT_EXCLUSIVE_AREA_03
                0x00005220                SchM_Enter_Port_PORT_EXCLUSIVE_AREA_04
                0x00005254                SchM_Exit_Port_PORT_EXCLUSIVE_AREA_04
                0x00005284                SchM_Enter_Port_PORT_EXCLUSIVE_AREA_05
                0x000052b8                SchM_Exit_Port_PORT_EXCLUSIVE_AREA_05
                0x000052e8                SchM_Enter_Port_PORT_EXCLUSIVE_AREA_06
                0x0000531c                SchM_Exit_Port_PORT_EXCLUSIVE_AREA_06
                0x0000534c                SchM_Enter_Port_PORT_EXCLUSIVE_AREA_07
                0x00005380                SchM_Exit_Port_PORT_EXCLUSIVE_AREA_07
                0x000053b0                SchM_Enter_Port_PORT_EXCLUSIVE_AREA_08
                0x000053e4                SchM_Exit_Port_PORT_EXCLUSIVE_AREA_08
                0x00005414                SchM_Enter_Port_PORT_EXCLUSIVE_AREA_09
                0x00005448                SchM_Exit_Port_PORT_EXCLUSIVE_AREA_09
                0x00005478                SchM_Enter_Port_PORT_EXCLUSIVE_AREA_10
                0x000054ac                SchM_Exit_Port_PORT_EXCLUSIVE_AREA_10
                0x000054dc                SchM_Enter_Port_PORT_EXCLUSIVE_AREA_11
                0x00005510                SchM_Exit_Port_PORT_EXCLUSIVE_AREA_11
                0x00005540                SchM_Enter_Port_PORT_EXCLUSIVE_AREA_12
                0x00005574                SchM_Exit_Port_PORT_EXCLUSIVE_AREA_12
                0x000055a4                SchM_Enter_Port_PORT_EXCLUSIVE_AREA_13
                0x000055d8                SchM_Exit_Port_PORT_EXCLUSIVE_AREA_13
                0x00005608                SchM_Enter_Port_PORT_EXCLUSIVE_AREA_14
                0x0000563c                SchM_Exit_Port_PORT_EXCLUSIVE_AREA_14
                0x0000566c                SchM_Enter_Port_PORT_EXCLUSIVE_AREA_15
                0x000056a0                SchM_Exit_Port_PORT_EXCLUSIVE_AREA_15
                0x000056d0                SchM_Enter_Port_PORT_EXCLUSIVE_AREA_16
                0x00005704                SchM_Exit_Port_PORT_EXCLUSIVE_AREA_16
                0x00005734                SchM_Enter_Port_PORT_EXCLUSIVE_AREA_17
                0x00005768                SchM_Exit_Port_PORT_EXCLUSIVE_AREA_17
                0x00005798                SchM_Enter_Port_PORT_EXCLUSIVE_AREA_18
                0x000057cc                SchM_Exit_Port_PORT_EXCLUSIVE_AREA_18
                0x000057fc                SchM_Enter_Port_PORT_EXCLUSIVE_AREA_19
                0x00005830                SchM_Exit_Port_PORT_EXCLUSIVE_AREA_19
                0x00005860                SchM_Enter_Port_PORT_EXCLUSIVE_AREA_20
                0x00005894                SchM_Exit_Port_PORT_EXCLUSIVE_AREA_20
                0x000058c4                SchM_Enter_Port_PORT_EXCLUSIVE_AREA_21
                0x000058f8                SchM_Exit_Port_PORT_EXCLUSIVE_AREA_21
                0x00005928                SchM_Enter_Port_PORT_EXCLUSIVE_AREA_22
                0x0000595c                SchM_Exit_Port_PORT_EXCLUSIVE_AREA_22
                0x0000598c                SchM_Enter_Port_PORT_EXCLUSIVE_AREA_23
                0x000059c0                SchM_Exit_Port_PORT_EXCLUSIVE_AREA_23
                0x000059f0                SchM_Enter_Port_PORT_EXCLUSIVE_AREA_24
                0x00005a24                SchM_Exit_Port_PORT_EXCLUSIVE_AREA_24
                0x00005a54                SchM_Enter_Port_PORT_EXCLUSIVE_AREA_25
                0x00005a88                SchM_Exit_Port_PORT_EXCLUSIVE_AREA_25
                0x00005ab8                SchM_Enter_Port_PORT_EXCLUSIVE_AREA_26
                0x00005aec                SchM_Exit_Port_PORT_EXCLUSIVE_AREA_26
                0x00005b1c                SchM_Enter_Port_PORT_EXCLUSIVE_AREA_27
                0x00005b50                SchM_Exit_Port_PORT_EXCLUSIVE_AREA_27
                0x00005b80                . = ALIGN (0x4)
                0x00005b80                acfls_code_rom_start = .
                0x00005b80                . = ALIGN (0x4)
 *(.acfls_code_rom)
                0x00005b80                . = ALIGN (0x4)
 *(.acmem_43_INFLS_code_rom)
                0x00005b80                . = ALIGN (0x4)
                0x00005b80                acfls_code_rom_end = .
 *(.init)
                0x00005b80                . = ALIGN (0x4)
 *(.fini)
                0x00005b80                . = ALIGN (0x4)
 *(.rodata)
 .rodata        0x00005b80       0x20 ./RTD/src/Lpi2c_Ip.o
 *(.rodata*)
                0x00005ba0                . = ALIGN (0x4)
 *(.mcal_const_cfg)
 .mcal_const_cfg
                0x00005ba0        0x8 ./generate/src/CDD_I2c_Cfg.o
                0x00005ba0                I2c_DemConfig
 .mcal_const_cfg
                0x00005ba8       0x1c ./generate/src/CDD_I2c_VS_0_PBcfg.o
                0x00005ba8                I2c_Config_VS_0
 .mcal_const_cfg
                0x00005bc4      0x3f8 ./generate/src/Clock_Ip_VS_0_PBcfg.o
                0x00005bc4                Mcu_aClockConfigPB_VS_0
 .mcal_const_cfg
                0x00005fbc       0x10 ./generate/src/Dio_Cfg.o
                0x00005fbc                Dio_Config
 .mcal_const_cfg
                0x00005fcc        0x8 ./generate/src/I2c_Ipw_VS_0_PBcfg.o
                0x00005fcc                I2c_Ipw_ChannelConfig0_VS_0
 .mcal_const_cfg
                0x00005fd4       0x58 ./generate/src/Lpi2c_Ip_VS_0_PBcfg.o
                0x00005fd4                I2c_Lpi2cMasterChannel0_VS_0
 .mcal_const_cfg
                0x0000602c       0x1c ./generate/src/Mcu_VS_0_PBcfg.o
                0x0000602c                Mcu_Config_VS_0
 .mcal_const_cfg
                0x00006048       0x78 ./generate/src/Port_Ci_Port_Ip_VS_0_PBcfg.o
                0x00006048                g_pin_mux_InitConfigArr_VS_0
 .mcal_const_cfg
                0x000060c0      0x11d ./generate/src/Port_VS_0_PBcfg.o
                0x000060c0                Port_Config
 *fill*         0x000061dd        0x3 
 .mcal_const_cfg
                0x000061e0       0x28 ./generate/src/Power_Ip_VS_0_PBcfg.o
                0x000061e0                Power_Ip_HwIPsConfigPB_VS_0
                0x000061ec                Power_Ip_aModeConfigPB_VS_0
                0x00006208                . = ALIGN (0x4)
 *(.mcal_const)
 .mcal_const    0x00006208      0x59e ./RTD/src/Clock_Ip_Data.o
                0x00006208                Clock_Ip_aeHwDfsName
                0x0000620c                Clock_Ip_aeHwPllName
                0x00006210                Clock_Ip_aeSourceTypeClockName
                0x000062cc                Clock_Ip_apxScgPeriphAsyncDivs
                0x000062dc                Clock_Ip_au8DividerValueHardwareValue
                0x0000631d                Clock_Ip_au8SelectorEntrySIMHardwareValue
                0x0000634c                Clock_Ip_au8SelectorEntryPcsHardwareValue
                0x0000637b                Clock_Ip_au8SelectorEntryScsHardwareValue
                0x000063aa                Clock_Ip_au16SelectorEntryHardwareValue
                0x00006401                Clock_Ip_au8ClockFeatures
                0x00006710                Clock_Ip_au8CmuCallbackIndex
                0x0000671f                Clock_Ip_au8PcfsCallbackIndex
                0x0000672e                Clock_Ip_au8SelectorCallbackIndex
                0x0000673d                Clock_Ip_au8PllCallbackIndex
                0x0000674c                Clock_Ip_au8FractionalDividerCallbackIndex
                0x0000675b                Clock_Ip_au8GateCallbackIndex
                0x0000676a                Clock_Ip_au8IrcoscCallbackIndex
                0x00006779                Clock_Ip_au8XoscCallbackIndex
                0x00006788                Clock_Ip_au8DividerTriggerCallbackIndex
                0x00006797                Clock_Ip_au8DividerCallbackIndex
 *fill*         0x000067a6        0x2 
 .mcal_const    0x000067a8       0x3c ./RTD/src/Clock_Ip_Divider.o
                0x000067a8                Clock_Ip_axDividerCallbacks
 .mcal_const    0x000067e4        0x8 ./RTD/src/Clock_Ip_DividerTrigger.o
                0x000067e4                Clock_Ip_axDividerTriggerCallbacks
 .mcal_const    0x000067ec       0x28 ./RTD/src/Clock_Ip_ExtOsc.o
                0x000067ec                Clock_Ip_axExtOscCallbacks
 .mcal_const    0x00006814        0xc ./RTD/src/Clock_Ip_FracDiv.o
                0x00006814                Clock_Ip_axFracDivCallbacks
 .mcal_const    0x00006820       0x38 ./RTD/src/Clock_Ip_Gate.o
                0x00006820                Clock_Ip_axGateCallbacks
 .mcal_const    0x00006858       0x3c ./RTD/src/Clock_Ip_IntOsc.o
                0x00006858                Clock_Ip_axIntOscCallbacks
 .mcal_const    0x00006894       0x10 ./RTD/src/Clock_Ip_Monitor.o
                0x00006894                Clock_Ip_axCmuCallbacks
 .mcal_const    0x000068a4       0x28 ./RTD/src/Clock_Ip_Pll.o
                0x000068a4                Clock_Ip_axPllCallbacks
 .mcal_const    0x000068cc        0x4 ./RTD/src/Clock_Ip_ProgFreqSwitch.o
                0x000068cc                Clock_Ip_axPcfsCallbacks
 .mcal_const    0x000068d0       0x58 ./RTD/src/Clock_Ip_Selector.o
                0x000068d0                Clock_Ip_axSelectorCallbacks
 .mcal_const    0x00006928       0x1c ./RTD/src/Clock_Ip_Specific.o
 .mcal_const    0x00006944       0x28 ./RTD/src/Port_Ci_Port_Ip.o
                0x00006944                Port_au32PortCiGpioBaseAddr
                0x00006958                Port_au32PortCiPortBaseAddr
 .mcal_const    0x0000696c       0x3c ./RTD/src/Power_Ip.o
 .mcal_const    0x000069a8      0x280 ./generate/src/Dio_Cfg.o
                0x000069a8                Dio_aAvailablePinsForRead
                0x000069bc                Dio_aAvailablePinsForWrite
                0x000069d0                Dio_au32PortToPartitionMap
                0x000069e4                Dio_au32ChannelToPartitionMap
 .mcal_const    0x00006c28       0xa0 ./generate/src/Port_Cfg.o
                0x00006c28                Port_au16PinDescription
                0x00006cc8                . = ALIGN (0x4)
 *(.mcal_const_no_cacheable)
                0x00006cc8                . = ALIGN (0x4)
                0x00006cc8                __init_table = .
 *(.init_table)
 .init_table    0x00006cc8       0x1c ./Project_Settings/Startup_Code/startup_cm4.o
                0x00006ce4                . = ALIGN (0x4)
                0x00006ce4                __zero_table = .
 *(.zero_table)
 .zero_table    0x00006ce4        0xc ./Project_Settings/Startup_Code/startup_cm4.o
                0x00006cf0                . = ALIGN (0x4)
 *(.acmcu_code_rom)
                0x00006cf0                . = ALIGN (0x4)
                0x00006cf0                _etext = .
                0x00006cf0                __DATA_ROM = .

.glue_7         0x00006cf0        0x0
 .glue_7        0x00006cf0        0x0 linker stubs

.glue_7t        0x00006cf0        0x0
 .glue_7t       0x00006cf0        0x0 linker stubs

.vfp11_veneer   0x00006cf0        0x0
 .vfp11_veneer  0x00006cf0        0x0 linker stubs

.v4_bx          0x00006cf0        0x0
 .v4_bx         0x00006cf0        0x0 linker stubs

.iplt           0x00006cf0        0x0
 .iplt          0x00006cf0        0x0 ./Project_Settings/Startup_Code/Vector_Table.o

.igot.plt       0x00006cf0        0x0
 .igot.plt      0x00006cf0        0x0 ./Project_Settings/Startup_Code/Vector_Table.o

.rel.dyn        0x00006cf0        0x0
 .rel.iplt      0x00006cf0        0x0 ./Project_Settings/Startup_Code/Vector_Table.o
                0x00006cf0                . = ALIGN (0x4)
                [!provide]                PROVIDE (__exidx_start = .)

.ARM.exidx
 *(.ARM.exidx* .gnu.linkonce.armexidx.*)
                0x00006cf0                . = ALIGN (0x4)
                [!provide]                PROVIDE (__exidx_end = .)

.ARM.extab      0x1fff8100        0x0
 *(.ARM.extab*)
                0x1fff8100                . = ALIGN (0x4)

.sram_interrupts
                0x1fff8100      0xa10
                0x1fff8800                . = ALIGN (0x800)
 *fill*         0x1fff8100      0x700 
                0x1fff8800                __interrupts_ram_start = .
                0x1fff8b10                . = (. + (__interrupts_rom_end - __interrupts_rom_start))
 *fill*         0x1fff8800      0x310 
                0x1fff8b10                . = ALIGN (0x4)
                0x1fff8b10                __interrupts_ram_end = .

.sram_data      0x1fff8b10       0x6c load address 0x00006cf0
                0x1fff8b10                . = ALIGN (0x4)
                0x1fff8b10                __data_ram_start = .
 *(.ramcode)
                0x1fff8b10                . = ALIGN (0x4)
 *(.data)
 .data          0x1fff8b10        0x0 ./Project_Settings/Startup_Code/Vector_Table.o
 .data          0x1fff8b10        0x0 ./Project_Settings/Startup_Code/exceptions.o
 .data          0x1fff8b10        0x0 ./Project_Settings/Startup_Code/nvic.o
 .data          0x1fff8b10        0x0 ./Project_Settings/Startup_Code/startup.o
 .data          0x1fff8b10        0x0 ./Project_Settings/Startup_Code/startup_cm4.o
 .data          0x1fff8b10        0x0 ./Project_Settings/Startup_Code/system.o
 .data          0x1fff8b10        0x0 ./RTD/src/CDD_I2c.o
 .data          0x1fff8b10        0x4 ./RTD/src/Clock_Ip.o
 .data          0x1fff8b14        0x0 ./RTD/src/Clock_Ip_Data.o
 .data          0x1fff8b14        0x0 ./RTD/src/Clock_Ip_Divider.o
 .data          0x1fff8b14        0x0 ./RTD/src/Clock_Ip_DividerTrigger.o
 .data          0x1fff8b14        0x0 ./RTD/src/Clock_Ip_ExtOsc.o
 .data          0x1fff8b14        0x0 ./RTD/src/Clock_Ip_FracDiv.o
 .data          0x1fff8b14        0x0 ./RTD/src/Clock_Ip_Frequency.o
 .data          0x1fff8b14        0x0 ./RTD/src/Clock_Ip_Gate.o
 .data          0x1fff8b14        0x0 ./RTD/src/Clock_Ip_IntOsc.o
 .data          0x1fff8b14        0x0 ./RTD/src/Clock_Ip_Irq.o
 .data          0x1fff8b14        0x0 ./RTD/src/Clock_Ip_Monitor.o
 .data          0x1fff8b14        0x0 ./RTD/src/Clock_Ip_Pll.o
 .data          0x1fff8b14        0x0 ./RTD/src/Clock_Ip_ProgFreqSwitch.o
 .data          0x1fff8b14        0x0 ./RTD/src/Clock_Ip_Selector.o
 .data          0x1fff8b14        0x0 ./RTD/src/Clock_Ip_Specific.o
 .data          0x1fff8b14        0x0 ./RTD/src/Dem.o
 .data          0x1fff8b14        0x0 ./RTD/src/Dem_stub.o
 .data          0x1fff8b14        0x0 ./RTD/src/Det.o
 .data          0x1fff8b14        0x0 ./RTD/src/Dio.o
 .data          0x1fff8b14        0x0 ./RTD/src/Dio_Ipw.o
 .data          0x1fff8b14        0x0 ./RTD/src/Flexio_I2c_Ip.o
 .data          0x1fff8b14        0x0 ./RTD/src/Gpio_Dio_Ip.o
 .data          0x1fff8b14        0x0 ./RTD/src/I2c_Ipw.o
 .data          0x1fff8b14        0x0 ./RTD/src/Lpi2c_Ip.o
 .data          0x1fff8b14        0x0 ./RTD/src/Lpi2c_Ip_HwAccess.o
 .data          0x1fff8b14        0x0 ./RTD/src/Lpi2c_Ip_Irq.o
 .data          0x1fff8b14        0x0 ./RTD/src/Mcu.o
 .data          0x1fff8b14        0x0 ./RTD/src/Mcu_Dem_Wrapper.o
 .data          0x1fff8b14        0x0 ./RTD/src/Mcu_Ipw.o
 .data          0x1fff8b14        0x0 ./RTD/src/Mcu_Ipw_Irq.o
 .data          0x1fff8b14        0x0 ./RTD/src/OsIf_Interrupts.o
 .data          0x1fff8b14        0x0 ./RTD/src/OsIf_Timer.o
 .data          0x1fff8b14        0x0 ./RTD/src/OsIf_Timer_System.o
 .data          0x1fff8b14        0x0 ./RTD/src/OsIf_Timer_System_Internal_Systick.o
 .data          0x1fff8b14        0x0 ./RTD/src/Port.o
 .data          0x1fff8b14        0x0 ./RTD/src/Port_Ci_Port_Ip.o
 .data          0x1fff8b14        0x0 ./RTD/src/Port_Ipw.o
 .data          0x1fff8b14        0x0 ./RTD/src/Power_Ip.o
 .data          0x1fff8b14        0x0 ./RTD/src/Power_Ip_AEC.o
 .data          0x1fff8b14        0x0 ./RTD/src/Power_Ip_CortexM4.o
 .data          0x1fff8b14        0x0 ./RTD/src/Power_Ip_PMC.o
 .data          0x1fff8b14        0x0 ./RTD/src/Power_Ip_PMC_Irq.o
 .data          0x1fff8b14        0x0 ./RTD/src/Power_Ip_Private.o
 .data          0x1fff8b14        0x0 ./RTD/src/Power_Ip_RCM.o
 .data          0x1fff8b14        0x0 ./RTD/src/Power_Ip_RCM_Irq.o
 .data          0x1fff8b14        0x0 ./RTD/src/Power_Ip_SIM.o
 .data          0x1fff8b14        0x0 ./RTD/src/Power_Ip_SMC.o
 .data          0x1fff8b14        0x0 ./RTD/src/Ram_Ip.o
 .data          0x1fff8b14        0x0 ./RTD/src/SchM_Dio.o
 .data          0x1fff8b14        0x0 ./RTD/src/SchM_I2c.o
 .data          0x1fff8b14        0x0 ./RTD/src/SchM_Mcu.o
 .data          0x1fff8b14        0x0 ./RTD/src/SchM_Port.o
 .data          0x1fff8b14        0x0 ./board/Port_Ci_Port_Ip_Cfg.o
 .data          0x1fff8b14        0x0 ./generate/src/CDD_I2c_Cfg.o
 .data          0x1fff8b14        0x0 ./generate/src/CDD_I2c_VS_0_PBcfg.o
 .data          0x1fff8b14        0x0 ./generate/src/Clock_Ip_Cfg.o
 .data          0x1fff8b14        0x0 ./generate/src/Clock_Ip_VS_0_PBcfg.o
 .data          0x1fff8b14        0x0 ./generate/src/Dio_Cfg.o
 .data          0x1fff8b14        0x0 ./generate/src/Flexio_I2c_Ip_VS_0_PBcfg.o
 .data          0x1fff8b14        0x0 ./generate/src/I2c_Ipw_VS_0_PBcfg.o
 .data          0x1fff8b14        0x0 ./generate/src/Lpi2c_Ip_VS_0_PBcfg.o
 .data          0x1fff8b14        0x0 ./generate/src/Mcu_Cfg.o
 .data          0x1fff8b14        0x0 ./generate/src/Mcu_VS_0_PBcfg.o
 .data          0x1fff8b14        0x0 ./generate/src/OsIf_Cfg.o
 .data          0x1fff8b14        0x0 ./generate/src/Port_Cfg.o
 .data          0x1fff8b14        0x0 ./generate/src/Port_Ci_Port_Ip_VS_0_PBcfg.o
 .data          0x1fff8b14        0x0 ./generate/src/Port_VS_0_PBcfg.o
 .data          0x1fff8b14        0x0 ./generate/src/Power_Ip_Cfg.o
 .data          0x1fff8b14        0x0 ./generate/src/Power_Ip_VS_0_PBcfg.o
 .data          0x1fff8b14        0x0 ./generate/src/Ram_Ip_Cfg.o
 .data          0x1fff8b14        0x0 ./generate/src/Ram_Ip_VS_0_PBcfg.o
 .data          0x1fff8b14       0x44 ./src/7-segment-display.o
                0x1fff8b14                SevenSegmentDriverInstance
                0x1fff8b24                luminozitate
                0x1fff8b34                LuminozitateGlobala
                0x1fff8b38                grupuri
                0x1fff8b50                ref2
                0x1fff8b53                ref1
                0x1fff8b56                ref0
 .data          0x1fff8b58        0x0 ./src/AS1115.o
 .data          0x1fff8b58        0x0 ./src/SevenSegments.o
 .data          0x1fff8b58        0x0 ./src/main.o
 .data          0x1fff8b58        0x0 c:/nxp/s32ds.3.6.0/s32ds/build_tools/gcc_v10.2/gcc-10.2-arm32-eabi/bin/../lib/gcc/arm-none-eabi/10.2.0/../../../../arm-none-eabi/lib/thumb/v7e-m+fp/hard\libc_nano.a(lib_a-memmove.o)
 .data          0x1fff8b58        0x0 c:/nxp/s32ds.3.6.0/s32ds/build_tools/gcc_v10.2/gcc-10.2-arm32-eabi/bin/../lib/gcc/arm-none-eabi/10.2.0/../../../../arm-none-eabi/lib/thumb/v7e-m+fp/hard\libc_nano.a(lib_a-memset.o)
 *(.data*)
                0x1fff8b58                . = ALIGN (0x4)
 *(.mcal_data)
 .mcal_data     0x1fff8b58        0x6 ./RTD/src/CDD_I2c.o
                0x1fff8b58                I2c_as8PartitionHardwareMap
                0x1fff8b5b                I2c_as8ChannelHardwareMap
 .mcal_data     0x1fff8b5e        0x1 ./RTD/src/Clock_Ip.o
                0x1fff8b5e                Clock_Ip_bSentFromUpdateDriverContext
 .mcal_data     0x1fff8b5f        0x2 ./RTD/src/Clock_Ip_Specific.o
 *fill*         0x1fff8b61        0x3 
 .mcal_data     0x1fff8b64       0x14 ./RTD/src/Gpio_Dio_Ip.o
                0x1fff8b64                GpioBaseAdresses
 .mcal_data     0x1fff8b78        0x4 ./RTD/src/Power_Ip.o
                0x1fff8b78                Power_Ip_pfReportErrorsCallback
                0x1fff8b7c                . = ALIGN (0x4)
 *(.mcal_data_no_cacheable)
                0x1fff8b7c                . = ALIGN (0x4)
                0x1fff8b7c                __data_ram_end = .
                0x00006d5c                __DATA_ROM_END = (__DATA_ROM + (__data_ram_end - __data_ram_start))

.sram_bss       0x1fff8b7c      0x560 load address 0x00006d5c
                0x1fff8b80                . = ALIGN (0x10)
 *fill*         0x1fff8b7c        0x4 
                0x1fff8b80                __sram_bss_start = .
 *(.bss)
 .bss           0x1fff8b80        0x0 ./Project_Settings/Startup_Code/Vector_Table.o
 .bss           0x1fff8b80        0x0 ./Project_Settings/Startup_Code/exceptions.o
 .bss           0x1fff8b80        0x0 ./Project_Settings/Startup_Code/nvic.o
 .bss           0x1fff8b80        0x0 ./Project_Settings/Startup_Code/startup.o
 .bss           0x1fff8b80        0x0 ./Project_Settings/Startup_Code/startup_cm4.o
 .bss           0x1fff8b80        0x4 ./Project_Settings/Startup_Code/system.o
                0x1fff8b80                RESET_CATCH_CORE
 .bss           0x1fff8b84        0x0 ./RTD/src/CDD_I2c.o
 .bss           0x1fff8b84        0x0 ./RTD/src/Clock_Ip.o
 .bss           0x1fff8b84        0x0 ./RTD/src/Clock_Ip_Data.o
 .bss           0x1fff8b84        0x0 ./RTD/src/Clock_Ip_Divider.o
 .bss           0x1fff8b84        0x0 ./RTD/src/Clock_Ip_DividerTrigger.o
 .bss           0x1fff8b84        0x0 ./RTD/src/Clock_Ip_ExtOsc.o
 .bss           0x1fff8b84        0x0 ./RTD/src/Clock_Ip_FracDiv.o
 .bss           0x1fff8b84        0x0 ./RTD/src/Clock_Ip_Frequency.o
 .bss           0x1fff8b84        0x0 ./RTD/src/Clock_Ip_Gate.o
 .bss           0x1fff8b84        0x0 ./RTD/src/Clock_Ip_IntOsc.o
 .bss           0x1fff8b84        0x0 ./RTD/src/Clock_Ip_Irq.o
 .bss           0x1fff8b84        0x0 ./RTD/src/Clock_Ip_Monitor.o
 .bss           0x1fff8b84        0x0 ./RTD/src/Clock_Ip_Pll.o
 .bss           0x1fff8b84        0x0 ./RTD/src/Clock_Ip_ProgFreqSwitch.o
 .bss           0x1fff8b84        0x0 ./RTD/src/Clock_Ip_Selector.o
 .bss           0x1fff8b84        0x0 ./RTD/src/Clock_Ip_Specific.o
 .bss           0x1fff8b84        0x0 ./RTD/src/Dem.o
 .bss           0x1fff8b84        0x0 ./RTD/src/Dem_stub.o
 .bss           0x1fff8b84        0x0 ./RTD/src/Det.o
 .bss           0x1fff8b84        0x0 ./RTD/src/Dio.o
 .bss           0x1fff8b84        0x0 ./RTD/src/Dio_Ipw.o
 .bss           0x1fff8b84        0x0 ./RTD/src/Flexio_I2c_Ip.o
 .bss           0x1fff8b84        0x0 ./RTD/src/Gpio_Dio_Ip.o
 .bss           0x1fff8b84        0x0 ./RTD/src/I2c_Ipw.o
 .bss           0x1fff8b84        0x0 ./RTD/src/Lpi2c_Ip.o
 .bss           0x1fff8b84        0x0 ./RTD/src/Lpi2c_Ip_HwAccess.o
 .bss           0x1fff8b84        0x0 ./RTD/src/Lpi2c_Ip_Irq.o
 .bss           0x1fff8b84        0x0 ./RTD/src/Mcu.o
 .bss           0x1fff8b84        0x0 ./RTD/src/Mcu_Dem_Wrapper.o
 .bss           0x1fff8b84        0x0 ./RTD/src/Mcu_Ipw.o
 .bss           0x1fff8b84        0x0 ./RTD/src/Mcu_Ipw_Irq.o
 .bss           0x1fff8b84        0x0 ./RTD/src/OsIf_Interrupts.o
 .bss           0x1fff8b84        0x0 ./RTD/src/OsIf_Timer.o
 .bss           0x1fff8b84        0x0 ./RTD/src/OsIf_Timer_System.o
 .bss           0x1fff8b84        0x0 ./RTD/src/OsIf_Timer_System_Internal_Systick.o
 .bss           0x1fff8b84        0x0 ./RTD/src/Port.o
 .bss           0x1fff8b84        0x0 ./RTD/src/Port_Ci_Port_Ip.o
 .bss           0x1fff8b84        0x0 ./RTD/src/Port_Ipw.o
 .bss           0x1fff8b84        0x0 ./RTD/src/Power_Ip.o
 .bss           0x1fff8b84        0x0 ./RTD/src/Power_Ip_AEC.o
 .bss           0x1fff8b84        0x0 ./RTD/src/Power_Ip_CortexM4.o
 .bss           0x1fff8b84        0x0 ./RTD/src/Power_Ip_PMC.o
 .bss           0x1fff8b84        0x0 ./RTD/src/Power_Ip_PMC_Irq.o
 .bss           0x1fff8b84        0x0 ./RTD/src/Power_Ip_Private.o
 .bss           0x1fff8b84        0x0 ./RTD/src/Power_Ip_RCM.o
 .bss           0x1fff8b84        0x0 ./RTD/src/Power_Ip_RCM_Irq.o
 .bss           0x1fff8b84        0x0 ./RTD/src/Power_Ip_SIM.o
 .bss           0x1fff8b84        0x0 ./RTD/src/Power_Ip_SMC.o
 .bss           0x1fff8b84        0x0 ./RTD/src/Ram_Ip.o
 .bss           0x1fff8b84        0x0 ./RTD/src/SchM_Dio.o
 .bss           0x1fff8b84        0x0 ./RTD/src/SchM_I2c.o
 .bss           0x1fff8b84        0x0 ./RTD/src/SchM_Mcu.o
 .bss           0x1fff8b84        0x0 ./RTD/src/SchM_Port.o
 .bss           0x1fff8b84        0x0 ./board/Port_Ci_Port_Ip_Cfg.o
 .bss           0x1fff8b84        0x0 ./generate/src/CDD_I2c_Cfg.o
 .bss           0x1fff8b84        0x0 ./generate/src/CDD_I2c_VS_0_PBcfg.o
 .bss           0x1fff8b84        0x0 ./generate/src/Clock_Ip_Cfg.o
 .bss           0x1fff8b84        0x0 ./generate/src/Clock_Ip_VS_0_PBcfg.o
 .bss           0x1fff8b84        0x0 ./generate/src/Dio_Cfg.o
 .bss           0x1fff8b84        0x0 ./generate/src/Flexio_I2c_Ip_VS_0_PBcfg.o
 .bss           0x1fff8b84        0x0 ./generate/src/I2c_Ipw_VS_0_PBcfg.o
 .bss           0x1fff8b84        0x0 ./generate/src/Lpi2c_Ip_VS_0_PBcfg.o
 .bss           0x1fff8b84        0x0 ./generate/src/Mcu_Cfg.o
 .bss           0x1fff8b84        0x0 ./generate/src/Mcu_VS_0_PBcfg.o
 .bss           0x1fff8b84        0x0 ./generate/src/OsIf_Cfg.o
 .bss           0x1fff8b84        0x0 ./generate/src/Port_Cfg.o
 .bss           0x1fff8b84        0x0 ./generate/src/Port_Ci_Port_Ip_VS_0_PBcfg.o
 .bss           0x1fff8b84        0x0 ./generate/src/Port_VS_0_PBcfg.o
 .bss           0x1fff8b84        0x0 ./generate/src/Power_Ip_Cfg.o
 .bss           0x1fff8b84        0x0 ./generate/src/Power_Ip_VS_0_PBcfg.o
 .bss           0x1fff8b84        0x0 ./generate/src/Ram_Ip_Cfg.o
 .bss           0x1fff8b84        0x0 ./generate/src/Ram_Ip_VS_0_PBcfg.o
 .bss           0x1fff8b84        0x0 ./src/7-segment-display.o
 .bss           0x1fff8b84        0x0 ./src/AS1115.o
 .bss           0x1fff8b84        0x8 ./src/SevenSegments.o
 .bss           0x1fff8b8c        0x4 ./src/main.o
 .bss           0x1fff8b90        0x0 c:/nxp/s32ds.3.6.0/s32ds/build_tools/gcc_v10.2/gcc-10.2-arm32-eabi/bin/../lib/gcc/arm-none-eabi/10.2.0/../../../../arm-none-eabi/lib/thumb/v7e-m+fp/hard\libc_nano.a(lib_a-memmove.o)
 .bss           0x1fff8b90        0x0 c:/nxp/s32ds.3.6.0/s32ds/build_tools/gcc_v10.2/gcc-10.2-arm32-eabi/bin/../lib/gcc/arm-none-eabi/10.2.0/../../../../arm-none-eabi/lib/thumb/v7e-m+fp/hard\libc_nano.a(lib_a-memset.o)
 *(.bss*)
                0x1fff8b90                . = ALIGN (0x10)
 *(.mcal_bss)
 .mcal_bss      0x1fff8b90        0xc ./RTD/src/CDD_I2c.o
                0x1fff8b90                I2c_aeChannelStatus
 .mcal_bss      0x1fff8b9c       0x61 ./RTD/src/Clock_Ip.o
                0x1fff8b9c                Clock_Ip_FreqIds
 *fill*         0x1fff8bfd        0x3 
 .mcal_bss      0x1fff8c00      0x13c ./RTD/src/Clock_Ip_Specific.o
 .mcal_bss      0x1fff8d3c       0x5c ./RTD/src/Lpi2c_Ip.o
 .mcal_bss      0x1fff8d98        0x9 ./RTD/src/Mcu.o
 *fill*         0x1fff8da1        0x1 
 .mcal_bss      0x1fff8da2       0x14 ./RTD/src/Port_Ipw.o
 *fill*         0x1fff8db6        0x2 
 .mcal_bss      0x1fff8db8        0x4 ./RTD/src/Power_Ip_RCM.o
                0x1fff8dc0                . = ALIGN (0x10)
 *fill*         0x1fff8dbc        0x4 
                0x1fff8dc0                __non_cacheable_bss_start = .
 *(.mcal_bss_no_cacheable)
 .mcal_bss_no_cacheable
                0x1fff8dc0        0x8 ./RTD/src/CDD_I2c.o
                0x1fff8dc0                I2c_apConfig
                0x1fff8dc4                I2c_apDemCfg
 .mcal_bss_no_cacheable
                0x1fff8dc8      0x1e6 ./RTD/src/Dem.o
                0x1fff8dc8                Dem_EventStatus
                0x1fff8e47                Dem_OverflowEvent
                0x1fff8e48                Dem_au8ExtendedData
                0x1fff8eac                Dem_numEventErrors
                0x1fff8eb0                Dem_EventId
 .mcal_bss_no_cacheable
                0x1fff8fae       0x10 ./RTD/src/Det.o
                0x1fff8fae                Det_TransientModuleId
                0x1fff8fb0                Det_ApiId
                0x1fff8fb1                Det_TransientInstanceId
                0x1fff8fb2                Det_ErrorId
                0x1fff8fb3                Det_TransientApiId
                0x1fff8fb4                Det_RuntimeModuleId
                0x1fff8fb6                Det_TransientFaultId
                0x1fff8fb7                Det_RuntimeInstanceId
                0x1fff8fb8                Det_RuntimeApiId
                0x1fff8fba                Det_ModuleId
                0x1fff8fbc                Det_RuntimeErrorId
                0x1fff8fbd                Det_InstanceId
 *fill*         0x1fff8fbe        0x2 
 .mcal_bss_no_cacheable
                0x1fff8fc0        0x4 ./RTD/src/Port.o
 .mcal_bss_no_cacheable
                0x1fff8fc4       0x10 ./RTD/src/SchM_Dio.o
 .mcal_bss_no_cacheable
                0x1fff8fd4       0x10 ./RTD/src/SchM_I2c.o
 .mcal_bss_no_cacheable
                0x1fff8fe4       0x18 ./RTD/src/SchM_Mcu.o
 .mcal_bss_no_cacheable
                0x1fff8ffc       0xe0 ./RTD/src/SchM_Port.o
                0x1fff90dc                . = ALIGN (0x4)
                0x1fff90dc                __non_cacheable_bss_end = .
                0x1fff90dc                __sram_bss_end = .

.acfls_code_ram
                0x1fff90dc        0x0
                0x1fff90dc                . = (. + (acfls_code_rom_end - acfls_code_rom_start))

.heap           0x1fff90dc      0x200 load address 0x000072bc
                0x1fff90dc                . = ALIGN (0x4)
                0x1fff90dc                _end = .
                0x1fff90dc                end = .
                0x1fff90dc                _heap_start = .
                0x1fff92dc                . = (. + HEAP_SIZE)
 *fill*         0x1fff90dc      0x200 
                0x1fff92dc                _heap_end = .

int_results     0x1fff8000      0x100
                0x1fff8000                . = ALIGN (0x4)
 *(.int_results)
                0x1fff8100                . = (. + 0x100)
 *fill*         0x1fff8000      0x100 
                0x20006000                __Stack_end_c0 = ORIGIN (int_sram_stack_c0)
                0x20007000                __Stack_start_c0 = (ORIGIN (int_sram_stack_c0) + LENGTH (int_sram_stack_c0))
                0x1fff8000                __INT_SRAM_START = ORIGIN (int_sram_results)
                0x20007000                __INT_SRAM_END = ORIGIN (ram_rsvd2)
                0x1fff8b10                __RAM_INIT_START = __data_ram_start
                0x1fff8b7c                __RAM_INIT_END = __data_ram_end
                0x00006cf0                __ROM_INIT_START = __DATA_ROM
                0x00006d5c                __ROM_INIT_END = __DATA_ROM_END
                0x1fff8b80                __BSS_SRAM_START = __sram_bss_start
                0x1fff90dc                __BSS_SRAM_END = __sram_bss_end
                0x0000055c                __BSS_SRAM_SIZE = (__sram_bss_end - __sram_bss_start)
                0x1fff8800                __RAM_INTERRUPT_START = __interrupts_ram_start
                0x00000000                __ROM_INTERRUPT_START = __interrupts_rom_start
                0x00000310                __ROM_INTERRUPT_END = __interrupts_rom_end
                0x00006cc8                __INIT_TABLE = __init_table
                0x00006ce4                __ZERO_TABLE = __zero_table
                0x00000001                __RAM_INIT = 0x1
                0x00005b80                Fls_ACEraseRomStart = acfls_code_rom_start
                0x00005b80                Fls_ACEraseRomEnd = acfls_code_rom_end
                0x00000000                Fls_ACEraseSize = (acfls_code_rom_end - acfls_code_rom_start)
                0x00005b80                Fls_ACWriteRomStart = acfls_code_rom_start
                0x00005b80                Fls_ACWriteRomEnd = acfls_code_rom_end
                0x00000000                Fls_ACWriteSize = (acfls_code_rom_end - acfls_code_rom_start)
                0x1fff90dc                _ERASE_FUNC_ADDRESS_ = ADDR (.acfls_code_ram)
                0x1fff90dc                _WRITE_FUNC_ADDRESS_ = ADDR (.acfls_code_ram)
                0x1fff8800                __ENTRY_VTABLE = __RAM_INTERRUPT_START
OUTPUT(Dio_Example_S32K144.elf elf32-littlearm)
LOAD linker stubs

.ARM.attributes
                0x00000000       0x30
 .ARM.attributes
                0x00000000       0x1c ./Project_Settings/Startup_Code/Vector_Table.o
 .ARM.attributes
                0x0000001c       0x34 ./Project_Settings/Startup_Code/exceptions.o
 .ARM.attributes
                0x00000050       0x34 ./Project_Settings/Startup_Code/nvic.o
 .ARM.attributes
                0x00000084       0x34 ./Project_Settings/Startup_Code/startup.o
 .ARM.attributes
                0x000000b8       0x1b ./Project_Settings/Startup_Code/startup_cm4.o
 .ARM.attributes
                0x000000d3       0x34 ./Project_Settings/Startup_Code/system.o
 .ARM.attributes
                0x00000107       0x34 ./RTD/src/CDD_I2c.o
 .ARM.attributes
                0x0000013b       0x34 ./RTD/src/Clock_Ip.o
 .ARM.attributes
                0x0000016f       0x37 ./RTD/src/Clock_Ip_Data.o
 .ARM.attributes
                0x000001a6       0x34 ./RTD/src/Clock_Ip_Divider.o
 .ARM.attributes
                0x000001da       0x34 ./RTD/src/Clock_Ip_DividerTrigger.o
 .ARM.attributes
                0x0000020e       0x34 ./RTD/src/Clock_Ip_ExtOsc.o
 .ARM.attributes
                0x00000242       0x34 ./RTD/src/Clock_Ip_FracDiv.o
 .ARM.attributes
                0x00000276       0x34 ./RTD/src/Clock_Ip_Frequency.o
 .ARM.attributes
                0x000002aa       0x34 ./RTD/src/Clock_Ip_Gate.o
 .ARM.attributes
                0x000002de       0x34 ./RTD/src/Clock_Ip_IntOsc.o
 .ARM.attributes
                0x00000312       0x37 ./RTD/src/Clock_Ip_Irq.o
 .ARM.attributes
                0x00000349       0x34 ./RTD/src/Clock_Ip_Monitor.o
 .ARM.attributes
                0x0000037d       0x34 ./RTD/src/Clock_Ip_Pll.o
 .ARM.attributes
                0x000003b1       0x34 ./RTD/src/Clock_Ip_ProgFreqSwitch.o
 .ARM.attributes
                0x000003e5       0x34 ./RTD/src/Clock_Ip_Selector.o
 .ARM.attributes
                0x00000419       0x34 ./RTD/src/Clock_Ip_Specific.o
 .ARM.attributes
                0x0000044d       0x34 ./RTD/src/Dem.o
 .ARM.attributes
                0x00000481       0x34 ./RTD/src/Dem_stub.o
 .ARM.attributes
                0x000004b5       0x34 ./RTD/src/Det.o
 .ARM.attributes
                0x000004e9       0x34 ./RTD/src/Dio.o
 .ARM.attributes
                0x0000051d       0x34 ./RTD/src/Dio_Ipw.o
 .ARM.attributes
                0x00000551       0x37 ./RTD/src/Flexio_I2c_Ip.o
 .ARM.attributes
                0x00000588       0x34 ./RTD/src/Gpio_Dio_Ip.o
 .ARM.attributes
                0x000005bc       0x34 ./RTD/src/I2c_Ipw.o
 .ARM.attributes
                0x000005f0       0x34 ./RTD/src/Lpi2c_Ip.o
 .ARM.attributes
                0x00000624       0x34 ./RTD/src/Lpi2c_Ip_HwAccess.o
 .ARM.attributes
                0x00000658       0x34 ./RTD/src/Lpi2c_Ip_Irq.o
 .ARM.attributes
                0x0000068c       0x34 ./RTD/src/Mcu.o
 .ARM.attributes
                0x000006c0       0x37 ./RTD/src/Mcu_Dem_Wrapper.o
 .ARM.attributes
                0x000006f7       0x34 ./RTD/src/Mcu_Ipw.o
 .ARM.attributes
                0x0000072b       0x37 ./RTD/src/Mcu_Ipw_Irq.o
 .ARM.attributes
                0x00000762       0x37 ./RTD/src/OsIf_Interrupts.o
 .ARM.attributes
                0x00000799       0x34 ./RTD/src/OsIf_Timer.o
 .ARM.attributes
                0x000007cd       0x37 ./RTD/src/OsIf_Timer_System.o
 .ARM.attributes
                0x00000804       0x34 ./RTD/src/OsIf_Timer_System_Internal_Systick.o
 .ARM.attributes
                0x00000838       0x34 ./RTD/src/Port.o
 .ARM.attributes
                0x0000086c       0x34 ./RTD/src/Port_Ci_Port_Ip.o
 .ARM.attributes
                0x000008a0       0x34 ./RTD/src/Port_Ipw.o
 .ARM.attributes
                0x000008d4       0x34 ./RTD/src/Power_Ip.o
 .ARM.attributes
                0x00000908       0x37 ./RTD/src/Power_Ip_AEC.o
 .ARM.attributes
                0x0000093f       0x34 ./RTD/src/Power_Ip_CortexM4.o
 .ARM.attributes
                0x00000973       0x34 ./RTD/src/Power_Ip_PMC.o
 .ARM.attributes
                0x000009a7       0x37 ./RTD/src/Power_Ip_PMC_Irq.o
 .ARM.attributes
                0x000009de       0x34 ./RTD/src/Power_Ip_Private.o
 .ARM.attributes
                0x00000a12       0x34 ./RTD/src/Power_Ip_RCM.o
 .ARM.attributes
                0x00000a46       0x37 ./RTD/src/Power_Ip_RCM_Irq.o
 .ARM.attributes
                0x00000a7d       0x37 ./RTD/src/Power_Ip_SIM.o
 .ARM.attributes
                0x00000ab4       0x34 ./RTD/src/Power_Ip_SMC.o
 .ARM.attributes
                0x00000ae8       0x34 ./RTD/src/Ram_Ip.o
 .ARM.attributes
                0x00000b1c       0x34 ./RTD/src/SchM_Dio.o
 .ARM.attributes
                0x00000b50       0x34 ./RTD/src/SchM_I2c.o
 .ARM.attributes
                0x00000b84       0x34 ./RTD/src/SchM_Mcu.o
 .ARM.attributes
                0x00000bb8       0x34 ./RTD/src/SchM_Port.o
 .ARM.attributes
                0x00000bec       0x37 ./board/Port_Ci_Port_Ip_Cfg.o
 .ARM.attributes
                0x00000c23       0x37 ./generate/src/CDD_I2c_Cfg.o
 .ARM.attributes
                0x00000c5a       0x37 ./generate/src/CDD_I2c_VS_0_PBcfg.o
 .ARM.attributes
                0x00000c91       0x37 ./generate/src/Clock_Ip_Cfg.o
 .ARM.attributes
                0x00000cc8       0x37 ./generate/src/Clock_Ip_VS_0_PBcfg.o
 .ARM.attributes
                0x00000cff       0x37 ./generate/src/Dio_Cfg.o
 .ARM.attributes
                0x00000d36       0x37 ./generate/src/Flexio_I2c_Ip_VS_0_PBcfg.o
 .ARM.attributes
                0x00000d6d       0x37 ./generate/src/I2c_Ipw_VS_0_PBcfg.o
 .ARM.attributes
                0x00000da4       0x37 ./generate/src/Lpi2c_Ip_VS_0_PBcfg.o
 .ARM.attributes
                0x00000ddb       0x37 ./generate/src/Mcu_Cfg.o
 .ARM.attributes
                0x00000e12       0x37 ./generate/src/Mcu_VS_0_PBcfg.o
 .ARM.attributes
                0x00000e49       0x37 ./generate/src/OsIf_Cfg.o
 .ARM.attributes
                0x00000e80       0x37 ./generate/src/Port_Cfg.o
 .ARM.attributes
                0x00000eb7       0x37 ./generate/src/Port_Ci_Port_Ip_VS_0_PBcfg.o
 .ARM.attributes
                0x00000eee       0x37 ./generate/src/Port_VS_0_PBcfg.o
 .ARM.attributes
                0x00000f25       0x37 ./generate/src/Power_Ip_Cfg.o
 .ARM.attributes
                0x00000f5c       0x37 ./generate/src/Power_Ip_VS_0_PBcfg.o
 .ARM.attributes
                0x00000f93       0x37 ./generate/src/Ram_Ip_Cfg.o
 .ARM.attributes
                0x00000fca       0x37 ./generate/src/Ram_Ip_VS_0_PBcfg.o
 .ARM.attributes
                0x00001001       0x34 ./src/7-segment-display.o
 .ARM.attributes
                0x00001035       0x34 ./src/AS1115.o
 .ARM.attributes
                0x00001069       0x34 ./src/SevenSegments.o
 .ARM.attributes
                0x0000109d       0x34 ./src/main.o
 .ARM.attributes
                0x000010d1       0x34 c:/nxp/s32ds.3.6.0/s32ds/build_tools/gcc_v10.2/gcc-10.2-arm32-eabi/bin/../lib/gcc/arm-none-eabi/10.2.0/../../../../arm-none-eabi/lib/thumb/v7e-m+fp/hard\libc_nano.a(lib_a-memmove.o)
 .ARM.attributes
                0x00001105       0x34 c:/nxp/s32ds.3.6.0/s32ds/build_tools/gcc_v10.2/gcc-10.2-arm32-eabi/bin/../lib/gcc/arm-none-eabi/10.2.0/../../../../arm-none-eabi/lib/thumb/v7e-m+fp/hard\libc_nano.a(lib_a-memset.o)

.comment        0x00000000       0x88
 .comment       0x00000000       0x88 ./Project_Settings/Startup_Code/exceptions.o
                                 0x89 (size before relaxing)
 .comment       0x00000088       0x89 ./Project_Settings/Startup_Code/nvic.o
 .comment       0x00000088       0x89 ./Project_Settings/Startup_Code/startup.o
 .comment       0x00000088       0x89 ./Project_Settings/Startup_Code/system.o
 .comment       0x00000088       0x89 ./RTD/src/CDD_I2c.o
 .comment       0x00000088       0x89 ./RTD/src/Clock_Ip.o
 .comment       0x00000088       0x89 ./RTD/src/Clock_Ip_Data.o
 .comment       0x00000088       0x89 ./RTD/src/Clock_Ip_Divider.o
 .comment       0x00000088       0x89 ./RTD/src/Clock_Ip_DividerTrigger.o
 .comment       0x00000088       0x89 ./RTD/src/Clock_Ip_ExtOsc.o
 .comment       0x00000088       0x89 ./RTD/src/Clock_Ip_FracDiv.o
 .comment       0x00000088       0x89 ./RTD/src/Clock_Ip_Frequency.o
 .comment       0x00000088       0x89 ./RTD/src/Clock_Ip_Gate.o
 .comment       0x00000088       0x89 ./RTD/src/Clock_Ip_IntOsc.o
 .comment       0x00000088       0x89 ./RTD/src/Clock_Ip_Irq.o
 .comment       0x00000088       0x89 ./RTD/src/Clock_Ip_Monitor.o
 .comment       0x00000088       0x89 ./RTD/src/Clock_Ip_Pll.o
 .comment       0x00000088       0x89 ./RTD/src/Clock_Ip_ProgFreqSwitch.o
 .comment       0x00000088       0x89 ./RTD/src/Clock_Ip_Selector.o
 .comment       0x00000088       0x89 ./RTD/src/Clock_Ip_Specific.o
 .comment       0x00000088       0x89 ./RTD/src/Dem.o
 .comment       0x00000088       0x89 ./RTD/src/Dem_stub.o
 .comment       0x00000088       0x89 ./RTD/src/Det.o
 .comment       0x00000088       0x89 ./RTD/src/Dio.o
 .comment       0x00000088       0x89 ./RTD/src/Dio_Ipw.o
 .comment       0x00000088       0x89 ./RTD/src/Flexio_I2c_Ip.o
 .comment       0x00000088       0x89 ./RTD/src/Gpio_Dio_Ip.o
 .comment       0x00000088       0x89 ./RTD/src/I2c_Ipw.o
 .comment       0x00000088       0x89 ./RTD/src/Lpi2c_Ip.o
 .comment       0x00000088       0x89 ./RTD/src/Lpi2c_Ip_HwAccess.o
 .comment       0x00000088       0x89 ./RTD/src/Lpi2c_Ip_Irq.o
 .comment       0x00000088       0x89 ./RTD/src/Mcu.o
 .comment       0x00000088       0x89 ./RTD/src/Mcu_Dem_Wrapper.o
 .comment       0x00000088       0x89 ./RTD/src/Mcu_Ipw.o
 .comment       0x00000088       0x89 ./RTD/src/Mcu_Ipw_Irq.o
 .comment       0x00000088       0x89 ./RTD/src/OsIf_Interrupts.o
 .comment       0x00000088       0x89 ./RTD/src/OsIf_Timer.o
 .comment       0x00000088       0x89 ./RTD/src/OsIf_Timer_System.o
 .comment       0x00000088       0x89 ./RTD/src/OsIf_Timer_System_Internal_Systick.o
 .comment       0x00000088       0x89 ./RTD/src/Port.o
 .comment       0x00000088       0x89 ./RTD/src/Port_Ci_Port_Ip.o
 .comment       0x00000088       0x89 ./RTD/src/Port_Ipw.o
 .comment       0x00000088       0x89 ./RTD/src/Power_Ip.o
 .comment       0x00000088       0x89 ./RTD/src/Power_Ip_AEC.o
 .comment       0x00000088       0x89 ./RTD/src/Power_Ip_CortexM4.o
 .comment       0x00000088       0x89 ./RTD/src/Power_Ip_PMC.o
 .comment       0x00000088       0x89 ./RTD/src/Power_Ip_PMC_Irq.o
 .comment       0x00000088       0x89 ./RTD/src/Power_Ip_Private.o
 .comment       0x00000088       0x89 ./RTD/src/Power_Ip_RCM.o
 .comment       0x00000088       0x89 ./RTD/src/Power_Ip_RCM_Irq.o
 .comment       0x00000088       0x89 ./RTD/src/Power_Ip_SIM.o
 .comment       0x00000088       0x89 ./RTD/src/Power_Ip_SMC.o
 .comment       0x00000088       0x89 ./RTD/src/Ram_Ip.o
 .comment       0x00000088       0x89 ./RTD/src/SchM_Dio.o
 .comment       0x00000088       0x89 ./RTD/src/SchM_I2c.o
 .comment       0x00000088       0x89 ./RTD/src/SchM_Mcu.o
 .comment       0x00000088       0x89 ./RTD/src/SchM_Port.o
 .comment       0x00000088       0x89 ./board/Port_Ci_Port_Ip_Cfg.o
 .comment       0x00000088       0x89 ./generate/src/CDD_I2c_Cfg.o
 .comment       0x00000088       0x89 ./generate/src/CDD_I2c_VS_0_PBcfg.o
 .comment       0x00000088       0x89 ./generate/src/Clock_Ip_Cfg.o
 .comment       0x00000088       0x89 ./generate/src/Clock_Ip_VS_0_PBcfg.o
 .comment       0x00000088       0x89 ./generate/src/Dio_Cfg.o
 .comment       0x00000088       0x89 ./generate/src/Flexio_I2c_Ip_VS_0_PBcfg.o
 .comment       0x00000088       0x89 ./generate/src/I2c_Ipw_VS_0_PBcfg.o
 .comment       0x00000088       0x89 ./generate/src/Lpi2c_Ip_VS_0_PBcfg.o
 .comment       0x00000088       0x89 ./generate/src/Mcu_Cfg.o
 .comment       0x00000088       0x89 ./generate/src/Mcu_VS_0_PBcfg.o
 .comment       0x00000088       0x89 ./generate/src/OsIf_Cfg.o
 .comment       0x00000088       0x89 ./generate/src/Port_Cfg.o
 .comment       0x00000088       0x89 ./generate/src/Port_Ci_Port_Ip_VS_0_PBcfg.o
 .comment       0x00000088       0x89 ./generate/src/Port_VS_0_PBcfg.o
 .comment       0x00000088       0x89 ./generate/src/Power_Ip_Cfg.o
 .comment       0x00000088       0x89 ./generate/src/Power_Ip_VS_0_PBcfg.o
 .comment       0x00000088       0x89 ./generate/src/Ram_Ip_Cfg.o
 .comment       0x00000088       0x89 ./generate/src/Ram_Ip_VS_0_PBcfg.o
 .comment       0x00000088       0x89 ./src/7-segment-display.o
 .comment       0x00000088       0x89 ./src/AS1115.o
 .comment       0x00000088       0x89 ./src/SevenSegments.o
 .comment       0x00000088       0x89 ./src/main.o
 .comment       0x00000088       0x89 c:/nxp/s32ds.3.6.0/s32ds/build_tools/gcc_v10.2/gcc-10.2-arm32-eabi/bin/../lib/gcc/arm-none-eabi/10.2.0/../../../../arm-none-eabi/lib/thumb/v7e-m+fp/hard\libc_nano.a(lib_a-memmove.o)
 .comment       0x00000088       0x89 c:/nxp/s32ds.3.6.0/s32ds/build_tools/gcc_v10.2/gcc-10.2-arm32-eabi/bin/../lib/gcc/arm-none-eabi/10.2.0/../../../../arm-none-eabi/lib/thumb/v7e-m+fp/hard\libc_nano.a(lib_a-memset.o)

.debug_info     0x00000000    0x2395f
 .debug_info    0x00000000      0x139 ./Project_Settings/Startup_Code/exceptions.o
 .debug_info    0x00000139      0x47c ./Project_Settings/Startup_Code/nvic.o
 .debug_info    0x000005b5      0x25e ./Project_Settings/Startup_Code/startup.o
 .debug_info    0x00000813       0x26 ./Project_Settings/Startup_Code/startup_cm4.o
 .debug_info    0x00000839      0x46e ./Project_Settings/Startup_Code/system.o
 .debug_info    0x00000ca7      0xff9 ./RTD/src/CDD_I2c.o
 .debug_info    0x00001ca0     0x1f9c ./RTD/src/Clock_Ip.o
 .debug_info    0x00003c3c      0x825 ./RTD/src/Clock_Ip_Data.o
 .debug_info    0x00004461      0xe64 ./RTD/src/Clock_Ip_Divider.o
 .debug_info    0x000052c5      0x400 ./RTD/src/Clock_Ip_DividerTrigger.o
 .debug_info    0x000056c5      0xa3a ./RTD/src/Clock_Ip_ExtOsc.o
 .debug_info    0x000060ff      0x499 ./RTD/src/Clock_Ip_FracDiv.o
 .debug_info    0x00006598      0x307 ./RTD/src/Clock_Ip_Frequency.o
 .debug_info    0x0000689f      0xc83 ./RTD/src/Clock_Ip_Gate.o
 .debug_info    0x00007522     0x110f ./RTD/src/Clock_Ip_IntOsc.o
 .debug_info    0x00008631       0x7d ./RTD/src/Clock_Ip_Irq.o
 .debug_info    0x000086ae      0x525 ./RTD/src/Clock_Ip_Monitor.o
 .debug_info    0x00008bd3      0xb67 ./RTD/src/Clock_Ip_Pll.o
 .debug_info    0x0000973a      0x40f ./RTD/src/Clock_Ip_ProgFreqSwitch.o
 .debug_info    0x00009b49     0x11e7 ./RTD/src/Clock_Ip_Selector.o
 .debug_info    0x0000ad30     0x1dac ./RTD/src/Clock_Ip_Specific.o
 .debug_info    0x0000cadc      0x325 ./RTD/src/Dem.o
 .debug_info    0x0000ce01      0x5e5 ./RTD/src/Dem_stub.o
 .debug_info    0x0000d3e6      0x420 ./RTD/src/Det.o
 .debug_info    0x0000d806      0x391 ./RTD/src/Dio.o
 .debug_info    0x0000db97      0x544 ./RTD/src/Dio_Ipw.o
 .debug_info    0x0000e0db       0x7d ./RTD/src/Flexio_I2c_Ip.o
 .debug_info    0x0000e158      0x3e0 ./RTD/src/Gpio_Dio_Ip.o
 .debug_info    0x0000e538      0xe30 ./RTD/src/I2c_Ipw.o
 .debug_info    0x0000f368     0x588a ./RTD/src/Lpi2c_Ip.o
 .debug_info    0x00014bf2      0x473 ./RTD/src/Lpi2c_Ip_HwAccess.o
 .debug_info    0x00015065       0xeb ./RTD/src/Lpi2c_Ip_Irq.o
 .debug_info    0x00015150     0x11d4 ./RTD/src/Mcu.o
 .debug_info    0x00016324       0x7d ./RTD/src/Mcu_Dem_Wrapper.o
 .debug_info    0x000163a1      0xf74 ./RTD/src/Mcu_Ipw.o
 .debug_info    0x00017315       0x7d ./RTD/src/Mcu_Ipw_Irq.o
 .debug_info    0x00017392       0x7d ./RTD/src/OsIf_Interrupts.o
 .debug_info    0x0001740f      0x2ca ./RTD/src/OsIf_Timer.o
 .debug_info    0x000176d9       0x7d ./RTD/src/OsIf_Timer_System.o
 .debug_info    0x00017756      0x196 ./RTD/src/OsIf_Timer_System_Internal_Systick.o
 .debug_info    0x000178ec      0x924 ./RTD/src/Port.o
 .debug_info    0x00018210      0xd0b ./RTD/src/Port_Ci_Port_Ip.o
 .debug_info    0x00018f1b      0xe0a ./RTD/src/Port_Ipw.o
 .debug_info    0x00019d25      0x728 ./RTD/src/Power_Ip.o
 .debug_info    0x0001a44d       0x7d ./RTD/src/Power_Ip_AEC.o
 .debug_info    0x0001a4ca      0x1bc ./RTD/src/Power_Ip_CortexM4.o
 .debug_info    0x0001a686      0x192 ./RTD/src/Power_Ip_PMC.o
 .debug_info    0x0001a818       0x7d ./RTD/src/Power_Ip_PMC_Irq.o
 .debug_info    0x0001a895      0x32f ./RTD/src/Power_Ip_Private.o
 .debug_info    0x0001abc4      0x329 ./RTD/src/Power_Ip_RCM.o
 .debug_info    0x0001aeed       0x7d ./RTD/src/Power_Ip_RCM_Irq.o
 .debug_info    0x0001af6a       0x7d ./RTD/src/Power_Ip_SIM.o
 .debug_info    0x0001afe7      0x4ee ./RTD/src/Power_Ip_SMC.o
 .debug_info    0x0001b4d5      0x267 ./RTD/src/Ram_Ip.o
 .debug_info    0x0001b73c      0x2ce ./RTD/src/SchM_Dio.o
 .debug_info    0x0001ba0a      0x2ce ./RTD/src/SchM_I2c.o
 .debug_info    0x0001bcd8      0x39b ./RTD/src/SchM_Mcu.o
 .debug_info    0x0001c073     0x17a0 ./RTD/src/SchM_Port.o
 .debug_info    0x0001d813       0x7d ./board/Port_Ci_Port_Ip_Cfg.o
 .debug_info    0x0001d890      0x13e ./generate/src/CDD_I2c_Cfg.o
 .debug_info    0x0001d9ce      0x70b ./generate/src/CDD_I2c_VS_0_PBcfg.o
 .debug_info    0x0001e0d9       0x7d ./generate/src/Clock_Ip_Cfg.o
 .debug_info    0x0001e156      0xba7 ./generate/src/Clock_Ip_VS_0_PBcfg.o
 .debug_info    0x0001ecfd      0x275 ./generate/src/Dio_Cfg.o
 .debug_info    0x0001ef72       0x7d ./generate/src/Flexio_I2c_Ip_VS_0_PBcfg.o
 .debug_info    0x0001efef      0x51f ./generate/src/I2c_Ipw_VS_0_PBcfg.o
 .debug_info    0x0001f50e      0x3ac ./generate/src/Lpi2c_Ip_VS_0_PBcfg.o
 .debug_info    0x0001f8ba       0x7d ./generate/src/Mcu_Cfg.o
 .debug_info    0x0001f937      0xe6e ./generate/src/Mcu_VS_0_PBcfg.o
 .debug_info    0x000207a5       0x7d ./generate/src/OsIf_Cfg.o
 .debug_info    0x00020822      0x100 ./generate/src/Port_Cfg.o
 .debug_info    0x00020922      0x421 ./generate/src/Port_Ci_Port_Ip_VS_0_PBcfg.o
 .debug_info    0x00020d43      0x722 ./generate/src/Port_VS_0_PBcfg.o
 .debug_info    0x00021465       0x7d ./generate/src/Power_Ip_Cfg.o
 .debug_info    0x000214e2      0x2dc ./generate/src/Power_Ip_VS_0_PBcfg.o
 .debug_info    0x000217be       0x7d ./generate/src/Ram_Ip_Cfg.o
 .debug_info    0x0002183b       0x7d ./generate/src/Ram_Ip_VS_0_PBcfg.o
 .debug_info    0x000218b8      0x998 ./src/7-segment-display.o
 .debug_info    0x00022250      0x399 ./src/AS1115.o
 .debug_info    0x000225e9      0x302 ./src/SevenSegments.o
 .debug_info    0x000228eb     0x1074 ./src/main.o

.debug_abbrev   0x00000000     0x6570
 .debug_abbrev  0x00000000       0x47 ./Project_Settings/Startup_Code/exceptions.o
 .debug_abbrev  0x00000047      0x102 ./Project_Settings/Startup_Code/nvic.o
 .debug_abbrev  0x00000149      0x119 ./Project_Settings/Startup_Code/startup.o
 .debug_abbrev  0x00000262       0x14 ./Project_Settings/Startup_Code/startup_cm4.o
 .debug_abbrev  0x00000276      0x17a ./Project_Settings/Startup_Code/system.o
 .debug_abbrev  0x000003f0      0x260 ./RTD/src/CDD_I2c.o
 .debug_abbrev  0x00000650      0x393 ./RTD/src/Clock_Ip.o
 .debug_abbrev  0x000009e3      0x12c ./RTD/src/Clock_Ip_Data.o
 .debug_abbrev  0x00000b0f      0x23c ./RTD/src/Clock_Ip_Divider.o
 .debug_abbrev  0x00000d4b      0x117 ./RTD/src/Clock_Ip_DividerTrigger.o
 .debug_abbrev  0x00000e62      0x2d4 ./RTD/src/Clock_Ip_ExtOsc.o
 .debug_abbrev  0x00001136      0x163 ./RTD/src/Clock_Ip_FracDiv.o
 .debug_abbrev  0x00001299       0x92 ./RTD/src/Clock_Ip_Frequency.o
 .debug_abbrev  0x0000132b      0x2ba ./RTD/src/Clock_Ip_Gate.o
 .debug_abbrev  0x000015e5      0x31c ./RTD/src/Clock_Ip_IntOsc.o
 .debug_abbrev  0x00001901       0x29 ./RTD/src/Clock_Ip_Irq.o
 .debug_abbrev  0x0000192a      0x12f ./RTD/src/Clock_Ip_Monitor.o
 .debug_abbrev  0x00001a59      0x318 ./RTD/src/Clock_Ip_Pll.o
 .debug_abbrev  0x00001d71      0x115 ./RTD/src/Clock_Ip_ProgFreqSwitch.o
 .debug_abbrev  0x00001e86      0x23c ./RTD/src/Clock_Ip_Selector.o
 .debug_abbrev  0x000020c2      0x310 ./RTD/src/Clock_Ip_Specific.o
 .debug_abbrev  0x000023d2       0xe4 ./RTD/src/Dem.o
 .debug_abbrev  0x000024b6      0x151 ./RTD/src/Dem_stub.o
 .debug_abbrev  0x00002607      0x14e ./RTD/src/Det.o
 .debug_abbrev  0x00002755      0x115 ./RTD/src/Dio.o
 .debug_abbrev  0x0000286a      0x231 ./RTD/src/Dio_Ipw.o
 .debug_abbrev  0x00002a9b       0x29 ./RTD/src/Flexio_I2c_Ip.o
 .debug_abbrev  0x00002ac4      0x1b1 ./RTD/src/Gpio_Dio_Ip.o
 .debug_abbrev  0x00002c75      0x2c2 ./RTD/src/I2c_Ipw.o
 .debug_abbrev  0x00002f37      0x457 ./RTD/src/Lpi2c_Ip.o
 .debug_abbrev  0x0000338e      0x18b ./RTD/src/Lpi2c_Ip_HwAccess.o
 .debug_abbrev  0x00003519       0x73 ./RTD/src/Lpi2c_Ip_Irq.o
 .debug_abbrev  0x0000358c      0x1eb ./RTD/src/Mcu.o
 .debug_abbrev  0x00003777       0x29 ./RTD/src/Mcu_Dem_Wrapper.o
 .debug_abbrev  0x000037a0      0x18a ./RTD/src/Mcu_Ipw.o
 .debug_abbrev  0x0000392a       0x29 ./RTD/src/Mcu_Ipw_Irq.o
 .debug_abbrev  0x00003953       0x29 ./RTD/src/OsIf_Interrupts.o
 .debug_abbrev  0x0000397c      0x17a ./RTD/src/OsIf_Timer.o
 .debug_abbrev  0x00003af6       0x29 ./RTD/src/OsIf_Timer_System.o
 .debug_abbrev  0x00003b1f      0x125 ./RTD/src/OsIf_Timer_System_Internal_Systick.o
 .debug_abbrev  0x00003c44      0x260 ./RTD/src/Port.o
 .debug_abbrev  0x00003ea4      0x2f2 ./RTD/src/Port_Ci_Port_Ip.o
 .debug_abbrev  0x00004196      0x2a1 ./RTD/src/Port_Ipw.o
 .debug_abbrev  0x00004437      0x25e ./RTD/src/Power_Ip.o
 .debug_abbrev  0x00004695       0x29 ./RTD/src/Power_Ip_AEC.o
 .debug_abbrev  0x000046be       0xd6 ./RTD/src/Power_Ip_CortexM4.o
 .debug_abbrev  0x00004794       0xc4 ./RTD/src/Power_Ip_PMC.o
 .debug_abbrev  0x00004858       0x29 ./RTD/src/Power_Ip_PMC_Irq.o
 .debug_abbrev  0x00004881      0x15c ./RTD/src/Power_Ip_Private.o
 .debug_abbrev  0x000049dd      0x161 ./RTD/src/Power_Ip_RCM.o
 .debug_abbrev  0x00004b3e       0x29 ./RTD/src/Power_Ip_RCM_Irq.o
 .debug_abbrev  0x00004b67       0x29 ./RTD/src/Power_Ip_SIM.o
 .debug_abbrev  0x00004b90      0x1c3 ./RTD/src/Power_Ip_SMC.o
 .debug_abbrev  0x00004d53       0xe0 ./RTD/src/Ram_Ip.o
 .debug_abbrev  0x00004e33      0x124 ./RTD/src/SchM_Dio.o
 .debug_abbrev  0x00004f57      0x124 ./RTD/src/SchM_I2c.o
 .debug_abbrev  0x0000507b      0x124 ./RTD/src/SchM_Mcu.o
 .debug_abbrev  0x0000519f      0x124 ./RTD/src/SchM_Port.o
 .debug_abbrev  0x000052c3       0x29 ./board/Port_Ci_Port_Ip_Cfg.o
 .debug_abbrev  0x000052ec       0xa1 ./generate/src/CDD_I2c_Cfg.o
 .debug_abbrev  0x0000538d      0x135 ./generate/src/CDD_I2c_VS_0_PBcfg.o
 .debug_abbrev  0x000054c2       0x29 ./generate/src/Clock_Ip_Cfg.o
 .debug_abbrev  0x000054eb      0x101 ./generate/src/Clock_Ip_VS_0_PBcfg.o
 .debug_abbrev  0x000055ec       0xcd ./generate/src/Dio_Cfg.o
 .debug_abbrev  0x000056b9       0x29 ./generate/src/Flexio_I2c_Ip_VS_0_PBcfg.o
 .debug_abbrev  0x000056e2       0xe5 ./generate/src/I2c_Ipw_VS_0_PBcfg.o
 .debug_abbrev  0x000057c7       0xf6 ./generate/src/Lpi2c_Ip_VS_0_PBcfg.o
 .debug_abbrev  0x000058bd       0x29 ./generate/src/Mcu_Cfg.o
 .debug_abbrev  0x000058e6      0x11f ./generate/src/Mcu_VS_0_PBcfg.o
 .debug_abbrev  0x00005a05       0x29 ./generate/src/OsIf_Cfg.o
 .debug_abbrev  0x00005a2e       0x73 ./generate/src/Port_Cfg.o
 .debug_abbrev  0x00005aa1      0x101 ./generate/src/Port_Ci_Port_Ip_VS_0_PBcfg.o
 .debug_abbrev  0x00005ba2      0x125 ./generate/src/Port_VS_0_PBcfg.o
 .debug_abbrev  0x00005cc7       0x29 ./generate/src/Power_Ip_Cfg.o
 .debug_abbrev  0x00005cf0       0xff ./generate/src/Power_Ip_VS_0_PBcfg.o
 .debug_abbrev  0x00005def       0x29 ./generate/src/Ram_Ip_Cfg.o
 .debug_abbrev  0x00005e18       0x29 ./generate/src/Ram_Ip_VS_0_PBcfg.o
 .debug_abbrev  0x00005e41      0x2a5 ./src/7-segment-display.o
 .debug_abbrev  0x000060e6      0x138 ./src/AS1115.o
 .debug_abbrev  0x0000621e      0x10b ./src/SevenSegments.o
 .debug_abbrev  0x00006329      0x247 ./src/main.o

.debug_aranges  0x00000000     0x1418
 .debug_aranges
                0x00000000       0x28 ./Project_Settings/Startup_Code/exceptions.o
 .debug_aranges
                0x00000028       0x20 ./Project_Settings/Startup_Code/nvic.o
 .debug_aranges
                0x00000048       0x20 ./Project_Settings/Startup_Code/startup.o
 .debug_aranges
                0x00000068       0x20 ./Project_Settings/Startup_Code/startup_cm4.o
 .debug_aranges
                0x00000088       0x28 ./Project_Settings/Startup_Code/system.o
 .debug_aranges
                0x000000b0       0x50 ./RTD/src/CDD_I2c.o
 .debug_aranges
                0x00000100       0x80 ./RTD/src/Clock_Ip.o
 .debug_aranges
                0x00000180       0x18 ./RTD/src/Clock_Ip_Data.o
 .debug_aranges
                0x00000198      0x100 ./RTD/src/Clock_Ip_Divider.o
 .debug_aranges
                0x00000298       0x20 ./RTD/src/Clock_Ip_DividerTrigger.o
 .debug_aranges
                0x000002b8       0x70 ./RTD/src/Clock_Ip_ExtOsc.o
 .debug_aranges
                0x00000328       0x28 ./RTD/src/Clock_Ip_FracDiv.o
 .debug_aranges
                0x00000350       0x20 ./RTD/src/Clock_Ip_Frequency.o
 .debug_aranges
                0x00000370       0xb8 ./RTD/src/Clock_Ip_Gate.o
 .debug_aranges
                0x00000428       0xf0 ./RTD/src/Clock_Ip_IntOsc.o
 .debug_aranges
                0x00000518       0x18 ./RTD/src/Clock_Ip_Irq.o
 .debug_aranges
                0x00000530       0x30 ./RTD/src/Clock_Ip_Monitor.o
 .debug_aranges
                0x00000560       0x78 ./RTD/src/Clock_Ip_Pll.o
 .debug_aranges
                0x000005d8       0x20 ./RTD/src/Clock_Ip_ProgFreqSwitch.o
 .debug_aranges
                0x000005f8      0x150 ./RTD/src/Clock_Ip_Selector.o
 .debug_aranges
                0x00000748       0x58 ./RTD/src/Clock_Ip_Specific.o
 .debug_aranges
                0x000007a0       0x28 ./RTD/src/Dem.o
 .debug_aranges
                0x000007c8       0x50 ./RTD/src/Dem_stub.o
 .debug_aranges
                0x00000818       0x38 ./RTD/src/Det.o
 .debug_aranges
                0x00000850       0x48 ./RTD/src/Dio.o
 .debug_aranges
                0x00000898       0x48 ./RTD/src/Dio_Ipw.o
 .debug_aranges
                0x000008e0       0x18 ./RTD/src/Flexio_I2c_Ip.o
 .debug_aranges
                0x000008f8       0x58 ./RTD/src/Gpio_Dio_Ip.o
 .debug_aranges
                0x00000950       0x60 ./RTD/src/I2c_Ipw.o
 .debug_aranges
                0x000009b0      0x110 ./RTD/src/Lpi2c_Ip.o
 .debug_aranges
                0x00000ac0       0x20 ./RTD/src/Lpi2c_Ip_HwAccess.o
 .debug_aranges
                0x00000ae0       0x28 ./RTD/src/Lpi2c_Ip_Irq.o
 .debug_aranges
                0x00000b08       0x60 ./RTD/src/Mcu.o
 .debug_aranges
                0x00000b68       0x18 ./RTD/src/Mcu_Dem_Wrapper.o
 .debug_aranges